
> healthai-website@0.1.0 build
> next build

node.exe : ΓÜá Warning: 
Next.js inferred your 
workspace root, but it may 
not be correct.
At line:1 char:1
+ & "C:\Program 
Files\nodejs/node.exe" 
"C:\Program 
Files\nodejs/node_mo ...
+ ~~~~~~~~~~~~~~~~~~~~~~~~~~~
~~~~~~~~~~~~~~~~~~~~~~~~~~~~~
~~~~~~~~~~~~~
    + CategoryInfo           
   : NotSpecified: (ΓÜá War  
  ning: Ne...not be correc   
 t.:String) [], RemoteExc    
eption
    + FullyQualifiedErrorId  
   : NativeCommandError
 
 We detected multiple 
lockfiles and selected the 
directory of C:\Users\vinay\p
ackage-lock.json as the root 
directory.
 To silence this warning, 
set `turbopack.root` in your 
Next.js config, or consider 
removing one of the 
lockfiles if it's not needed.
   See https://nextjs.org/doc
s/app/api-reference/config/ne
xt-config-js/turbopack#root-d
irectory for more 
information.
 Detected additional 
lockfiles: 
   * C:\Users\vinay\Documents
\GitHub\healthai-website\pack
age-lock.json

Γû▓ Next.js 16.1.6 (Turbopack)

  Creating an optimized production build ...
Turbopack build encountered 
1 warnings:
./Documents/GitHub/healthai-w
ebsite/src/context/AuthContex
t.jsx:59:54
Module not found: Can't 
resolve 'firebase/auth'
[0m [90m 57 |[39m         
[36mconst[39m 
importAndSubscribe 
[33m=[39m [36masync[39m 
() [33m=>[39m {
 [90m 58 |[39m             
[36mtry[39m {
[31m[1m>[22m[39m[90m 59 
|[39m                 
[36mconst[39m { 
onAuthStateChanged } 
[33m=[39m [36mawait[39m 
[36mimport[39m([32m"firebas
e/auth"[39m)[33m;[39m
 [90m    |[39m             
                             
            [31m[1m^[22m[
39m[31m[1m^[22m[39m[31m
[1m^[22m[39m[31m[1m^[22m
[39m[31m[1m^[22m[39m[31
m[1m^[22m[39m[31m[1m^[2
2m[39m[31m[1m^[22m[39m[
31m[1m^[22m[39m[31m[1m^
[22m[39m[31m[1m^[22m[39m
[31m[1m^[22m[39m[31m[1m
^[22m[39m[31m[1m^[22m[3
9m[31m[1m^[22m[39m[31m[
1m^[22m[39m[31m[1m^[22m
[39m[31m[1m^[22m[39m[31m
[1m^[22m[39m[31m[1m^[22
m[39m[31m[1m^[22m[39m[3
1m[1m^[22m[39m[31m[1m^[
22m[39m
 [90m 60 |[39m             
    [36mconst[39m 
unsubscribe [33m=[39m onAut
hStateChanged(auth[33m,[39m
 (user) [33m=>[39m {
 [90m 61 |[39m             
        resolved [33m=[39m 
[36mtrue[39m[33m;[39m
 [90m 62 |[39m             
        setCurrentUser(user)
[33m;[39m[0m



Import traces:
  Client Component Browser:
    ./Documents/GitHub/health
ai-website/src/context/AuthCo
ntext.jsx [Client Component 
Browser]
    ./Documents/GitHub/health
ai-website/src/app_pages/Nutr
itionOnboarding.jsx [Client 
Component Browser]
    ./Documents/GitHub/health
ai-website/src/app/nutritiono
nboarding/page.jsx [Client 
Component Browser]
    ./Documents/GitHub/health
ai-website/src/app/nutritiono
nboarding/page.jsx [Server 
Component]

  Client Component SSR:
    ./Documents/GitHub/health
ai-website/src/context/AuthCo
ntext.jsx [Client Component 
SSR]
    ./Documents/GitHub/health
ai-website/src/app_pages/Nutr
itionOnboarding.jsx [Client 
Component SSR]
    ./Documents/GitHub/health
ai-website/src/app/nutritiono
nboarding/page.jsx [Client 
Component SSR]
    ./Documents/GitHub/health
ai-website/src/app/nutritiono
nboarding/page.jsx [Server 
Component]

https://nextjs.org/docs/messa
ges/module-not-found



> Build error occurred
Error: Turbopack build 
failed with 20 errors:
./Documents/GitHub/healthai-w
ebsite/src/app_pages/LabRepor
t.jsx:6:1
Module not found: Can't 
resolve '../components/PageTr
ansition'
[0m [90m 4 |[39m 
[36mimport[39m 
[33mReact[39m[33m,[39m { 
useState } [36mfrom[39m 
[32m'react'[39m[33m;[39m
 [90m 5 |[39m 
[36mimport[39m { 
[33mUpload[39m[33m,[39m 
[33mFileText[39m[33m,[39m 
[33mCheckCircle[39m[33m,[
39m [33mAlertCircle[39m[33
m,[39m [33mArrowLeft[39m 
} [36mfrom[39m [32m'lucide
-react'[39m[33m;[39m
[31m[1m>[22m[39m[90m 6 
|[39m [36mimport[39m 
[33mPageTransition[39m 
[36mfrom[39m [32m'../compo
nents/PageTransition'[39m[3
3m;[39m
 [90m   |[39m [31m[1m^[2
2m[39m[31m[1m^[22m[39m[
31m[1m^[22m[39m[31m[1m^
[22m[39m[31m[1m^[22m[39m
[31m[1m^[22m[39m[31m[1m
^[22m[39m[31m[1m^[22m[3
9m[31m[1m^[22m[39m[31m[
1m^[22m[39m[31m[1m^[22m
[39m[31m[1m^[22m[39m[31m
[1m^[22m[39m[31m[1m^[22
m[39m[31m[1m^[22m[39m[3
1m[1m^[22m[39m[31m[1m^[
22m[39m[31m[1m^[22m[39m
[31m[1m^[22m[39m[31m[1m^
[22m[39m[31m[1m^[22m[39
m[31m[1m^[22m[39m[31m[1
m^[22m[39m[31m[1m^[22m[
39m[31m[1m^[22m[39m[31m
[1m^[22m[39m[31m[1m^[22m
[39m[31m[1m^[22m[39m[31
m[1m^[22m[39m[31m[1m^[2
2m[39m[31m[1m^[22m[39m[
31m[1m^[22m[39m[31m[1m^
[22m[39m[31m[1m^[22m[39m
[31m[1m^[22m[39m[31m[1m
^[22m[39m[31m[1m^[22m[3
9m[31m[1m^[22m[39m[31m[
1m^[22m[39m[31m[1m^[22m
[39m[31m[1m^[22m[39m[31m
[1m^[22m[39m[31m[1m^[22
m[39m[31m[1m^[22m[39m[3
1m[1m^[22m[39m[31m[1m^[
22m[39m[31m[1m^[22m[39m
[31m[1m^[22m[39m[31m[1m^
[22m[39m[31m[1m^[22m[39
m[31m[1m^[22m[39m[31m[1
m^[22m[39m[31m[1m^[22m[
39m[31m[1m^[22m[39m[31m
[1m^[22m[39m[31m[1m^[22m
[39m[31m[1m^[22m[39m[31
m[1m^[22m[39m
 [90m 7 |[39m 
[36mimport[39m { mockApi } 
[36mfrom[39m [32m'../utils
/mockApi'[39m[33m;[39m
 [90m 8 |[39m 
[36mimport[39m { 
trackEvent } [36mfrom[39m 
[32m'../utils/analytics'[39m
[33m;[39m
 [90m 9 |[39m 
[36mimport[39m styles 
[36mfrom[39m [32m'./LabRep
ort.module.css'[39m[33m;[3
9m[0m



Import traces:
  Client Component Browser:
    ./Documents/GitHub/health
ai-website/src/app_pages/LabR
eport.jsx [Client Component 
Browser]
    ./Documents/GitHub/health
ai-website/src/app/labreport/
page.jsx [Client Component 
Browser]
    ./Documents/GitHub/health
ai-website/src/app/labreport/
page.jsx [Server Component]

  Client Component SSR:
    ./Documents/GitHub/health
ai-website/src/app_pages/LabR
eport.jsx [Client Component 
SSR]
    ./Documents/GitHub/health
ai-website/src/app/labreport/
page.jsx [Client Component 
SSR]
    ./Documents/GitHub/health
ai-website/src/app/labreport/
page.jsx [Server Component]

https://nextjs.org/docs/messa
ges/module-not-found


./Documents/GitHub/healthai-w
ebsite/src/app_pages/Nutritio
nPlan.jsx:7:1
Module not found: Can't 
resolve '../components/PageTr
ansition'
[0m [90m  5 |[39m 
[36mimport[39m { [33mArrow
Left[39m[33m,[39m [33mSho
ppingBag[39m[33m,[39m [33
mRefreshCw[39m[33m,[39m [
33mChevronDown[39m[33m,[39
m [33mChevronUp[39m[33m,[
39m 
[33mClock[39m[33m,[39m 
[33mFlame[39m[33m,[39m [
33mDroplets[39m[33m,[39m 
[33mWheat[39m[33m,[39m 
[33mApple[39m[33m,[39m 
[33mTarget[39m } 
[36mfrom[39m [32m'lucide-r
eact'[39m[33m;[39m
 [90m  6 |[39m 
[36mimport[39m { 
motion[33m,[39m 
[33mAnimatePresence[39m } 
[36mfrom[39m [32m'framer-m
otion'[39m[33m;[39m
[31m[1m>[22m[39m[90m  7 
|[39m [36mimport[39m 
[33mPageTransition[39m 
[36mfrom[39m [32m'../compo
nents/PageTransition'[39m[3
3m;[39m
 [90m    |[39m [31m[1m^[
22m[39m[31m[1m^[22m[39m
[31m[1m^[22m[39m[31m[1m^
[22m[39m[31m[1m^[22m[39
m[31m[1m^[22m[39m[31m[1
m^[22m[39m[31m[1m^[22m[
39m[31m[1m^[22m[39m[31m
[1m^[22m[39m[31m[1m^[22m
[39m[31m[1m^[22m[39m[31
m[1m^[22m[39m[31m[1m^[2
2m[39m[31m[1m^[22m[39m[
31m[1m^[22m[39m[31m[1m^
[22m[39m[31m[1m^[22m[39m
[31m[1m^[22m[39m[31m[1m
^[22m[39m[31m[1m^[22m[3
9m[31m[1m^[22m[39m[31m[
1m^[22m[39m[31m[1m^[22m
[39m[31m[1m^[22m[39m[31m
[1m^[22m[39m[31m[1m^[22
m[39m[31m[1m^[22m[39m[3
1m[1m^[22m[39m[31m[1m^[
22m[39m[31m[1m^[22m[39m
[31m[1m^[22m[39m[31m[1m^
[22m[39m[31m[1m^[22m[39
m[31m[1m^[22m[39m[31m[1
m^[22m[39m[31m[1m^[22m[
39m[31m[1m^[22m[39m[31m
[1m^[22m[39m[31m[1m^[22m
[39m[31m[1m^[22m[39m[31
m[1m^[22m[39m[31m[1m^[2
2m[39m[31m[1m^[22m[39m[
31m[1m^[22m[39m[31m[1m^
[22m[39m[31m[1m^[22m[39m
[31m[1m^[22m[39m[31m[1m
^[22m[39m[31m[1m^[22m[3
9m[31m[1m^[22m[39m[31m[
1m^[22m[39m[31m[1m^[22m
[39m[31m[1m^[22m[39m[31m
[1m^[22m[39m[31m[1m^[22
m[39m[31m[1m^[22m[39m[3
1m[1m^[22m[39m
 [90m  8 |[39m 
[36mimport[39m styles 
[36mfrom[39m [32m'./Nutrit
ionPlan.module.css'[39m[33m
;[39m
 [90m  9 |[39m
 [90m 10 |[39m 
[36mconst[39m mealEmojis 
[33m=[39m { [33mBreakfast
[39m[33m:[39m 
[32m'≡ƒîà'[39m[33m,[39m 
[33mLunch[39m[33m:[39m [
32m'ΓÿÇ∩╕Å'[39m[33m,[39m 
[33mSnack[39m[33m:[39m 
[32m'≡ƒì¬'[39m[33m,[39m 
[33mDinner[39m[33m:[39m 
[32m'≡ƒîÖ'[39m 
}[33m;[39m[0m



Import traces:
  Client Component Browser:
    ./Documents/GitHub/health
ai-website/src/app_pages/Nutr
itionPlan.jsx [Client 
Component Browser]
    ./Documents/GitHub/health
ai-website/src/app/nutritionp
lan/page.jsx [Client 
Component Browser]
    ./Documents/GitHub/health
ai-website/src/app/nutritionp
lan/page.jsx [Server 
Component]

  Client Component SSR:
    ./Documents/GitHub/health
ai-website/src/app_pages/Nutr
itionPlan.jsx [Client 
Component SSR]
    ./Documents/GitHub/health
ai-website/src/app/nutritionp
lan/page.jsx [Client 
Component SSR]
    ./Documents/GitHub/health
ai-website/src/app/nutritionp
lan/page.jsx [Server 
Component]

https://nextjs.org/docs/messa
ges/module-not-found


./Documents/GitHub/healthai-w
ebsite/src/app_pages/Prescrip
tion.jsx:6:1
Module not found: Can't 
resolve '../components/PageTr
ansition'
[0m [90m 4 |[39m 
[36mimport[39m 
[33mReact[39m[33m,[39m { 
useState } [36mfrom[39m 
[32m'react'[39m[33m;[39m
 [90m 5 |[39m 
[36mimport[39m { 
[33mCamera[39m[33m,[39m 
[33mPlus[39m[33m,[39m 
[33mCheck[39m[33m,[39m 
[33mClock[39m[33m,[39m [
33mAlertTriangle[39m[33m,[
39m [33mArrowLeft[39m } 
[36mfrom[39m [32m'lucide-r
eact'[39m[33m;[39m
[31m[1m>[22m[39m[90m 6 
|[39m [36mimport[39m 
[33mPageTransition[39m 
[36mfrom[39m [32m'../compo
nents/PageTransition'[39m[3
3m;[39m
 [90m   |[39m [31m[1m^[2
2m[39m[31m[1m^[22m[39m[
31m[1m^[22m[39m[31m[1m^
[22m[39m[31m[1m^[22m[39m
[31m[1m^[22m[39m[31m[1m
^[22m[39m[31m[1m^[22m[3
9m[31m[1m^[22m[39m[31m[
1m^[22m[39m[31m[1m^[22m
[39m[31m[1m^[22m[39m[31m
[1m^[22m[39m[31m[1m^[22
m[39m[31m[1m^[22m[39m[3
1m[1m^[22m[39m[31m[1m^[
22m[39m[31m[1m^[22m[39m
[31m[1m^[22m[39m[31m[1m^
[22m[39m[31m[1m^[22m[39
m[31m[1m^[22m[39m[31m[1
m^[22m[39m[31m[1m^[22m[
39m[31m[1m^[22m[39m[31m
[1m^[22m[39m[31m[1m^[22m
[39m[31m[1m^[22m[39m[31
m[1m^[22m[39m[31m[1m^[2
2m[39m[31m[1m^[22m[39m[
31m[1m^[22m[39m[31m[1m^
[22m[39m[31m[1m^[22m[39m
[31m[1m^[22m[39m[31m[1m
^[22m[39m[31m[1m^[22m[3
9m[31m[1m^[22m[39m[31m[
1m^[22m[39m[31m[1m^[22m
[39m[31m[1m^[22m[39m[31m
[1m^[22m[39m[31m[1m^[22
m[39m[31m[1m^[22m[39m[3
1m[1m^[22m[39m[31m[1m^[
22m[39m[31m[1m^[22m[39m
[31m[1m^[22m[39m[31m[1m^
[22m[39m[31m[1m^[22m[39
m[31m[1m^[22m[39m[31m[1
m^[22m[39m[31m[1m^[22m[
39m[31m[1m^[22m[39m[31m
[1m^[22m[39m[31m[1m^[22m
[39m[31m[1m^[22m[39m[31
m[1m^[22m[39m
 [90m 7 |[39m 
[36mimport[39m { mockApi } 
[36mfrom[39m [32m'../utils
/mockApi'[39m[33m;[39m
 [90m 8 |[39m 
[36mimport[39m { 
trackEvent } [36mfrom[39m 
[32m'../utils/analytics'[39m
[33m;[39m
 [90m 9 |[39m 
[36mimport[39m styles 
[36mfrom[39m [32m'./Prescr
iption.module.css'[39m[33m;
[39m[0m



Import traces:
  Client Component Browser:
    ./Documents/GitHub/health
ai-website/src/app_pages/Pres
cription.jsx [Client 
Component Browser]
    ./Documents/GitHub/health
ai-website/src/app/prescripti
on/page.jsx [Client 
Component Browser]
    ./Documents/GitHub/health
ai-website/src/app/prescripti
on/page.jsx [Server 
Component]

  Client Component SSR:
    ./Documents/GitHub/health
ai-website/src/app_pages/Pres
cription.jsx [Client 
Component SSR]
    ./Documents/GitHub/health
ai-website/src/app/prescripti
on/page.jsx [Client 
Component SSR]
    ./Documents/GitHub/health
ai-website/src/app/prescripti
on/page.jsx [Server 
Component]

https://nextjs.org/docs/messa
ges/module-not-found


./Documents/GitHub/healthai-w
ebsite/src/app_pages/Mindfuln
ess.jsx:7:1
Module not found: Can't 
resolve '../components/mindfu
lness/MindfulnessPlayer'
[0m [90m  5 |[39m 
[36mimport[39m { [33mArrow
Left[39m[33m,[39m 
[33mPlay[39m[33m,[39m 
[33mMoon[39m[33m,[39m 
[33mSun[39m[33m,[39m 
[33mWind[39m[33m,[39m 
[33mZap[39m[33m,[39m [33
mCloudRain[39m[33m,[39m 
[33mWaves[39m[33m,[39m [
33mTreePine[39m[33m,[39m 
[33mMusic[39m[33m,[39m 
[33mBrain[39m[33m,[39m 
[33mMic2[39m } 
[36mfrom[39m [32m'lucide-r
eact'[39m[33m;[39m
 [90m  6 |[39m 
[36mimport[39m { motion } 
[36mfrom[39m [32m'framer-m
otion'[39m[33m;[39m
[31m[1m>[22m[39m[90m  7 
|[39m [36mimport[39m 
[33mMindfulnessPlayer[39m 
[36mfrom[39m [32m'../compo
nents/mindfulness/Mindfulness
Player'[39m[33m;[39m
 [90m    |[39m [31m[1m^[
22m[39m[31m[1m^[22m[39m
[31m[1m^[22m[39m[31m[1m^
[22m[39m[31m[1m^[22m[39
m[31m[1m^[22m[39m[31m[1
m^[22m[39m[31m[1m^[22m[
39m[31m[1m^[22m[39m[31m
[1m^[22m[39m[31m[1m^[22m
[39m[31m[1m^[22m[39m[31
m[1m^[22m[39m[31m[1m^[2
2m[39m[31m[1m^[22m[39m[
31m[1m^[22m[39m[31m[1m^
[22m[39m[31m[1m^[22m[39m
[31m[1m^[22m[39m[31m[1m
^[22m[39m[31m[1m^[22m[3
9m[31m[1m^[22m[39m[31m[
1m^[22m[39m[31m[1m^[22m
[39m[31m[1m^[22m[39m[31m
[1m^[22m[39m[31m[1m^[22
m[39m[31m[1m^[22m[39m[3
1m[1m^[22m[39m[31m[1m^[
22m[39m[31m[1m^[22m[39m
[31m[1m^[22m[39m[31m[1m^
[22m[39m[31m[1m^[22m[39
m[31m[1m^[22m[39m[31m[1
m^[22m[39m[31m[1m^[22m[
39m[31m[1m^[22m[39m[31m
[1m^[22m[39m[31m[1m^[22m
[39m[31m[1m^[22m[39m[31
m[1m^[22m[39m[31m[1m^[2
2m[39m[31m[1m^[22m[39m[
31m[1m^[22m[39m[31m[1m^
[22m[39m[31m[1m^[22m[39m
[31m[1m^[22m[39m[31m[1m
^[22m[39m[31m[1m^[22m[3
9m[31m[1m^[22m[39m[31m[
1m^[22m[39m[31m[1m^[22m
[39m[31m[1m^[22m[39m[31m
[1m^[22m[39m[31m[1m^[22
m[39m[31m[1m^[22m[39m[3
1m[1m^[22m[39m[31m[1m^[
22m[39m[31m[1m^[22m[39m
[31m[1m^[22m[39m[31m[1m^
[22m[39m[31m[1m^[22m[39
m[31m[1m^[22m[39m[31m[1
m^[22m[39m[31m[1m^[22m[
39m[31m[1m^[22m[39m[31m
[1m^[22m[39m[31m[1m^[22m
[39m[31m[1m^[22m[39m[31
m[1m^[22m[39m[31m[1m^[2
2m[39m[31m[1m^[22m[39m[
31m[1m^[22m[39m[31m[1m^
[22m[39m[31m[1m^[22m[39m
 [90m  8 |[39m 
[36mimport[39m styles 
[36mfrom[39m [32m'./Mindfu
lness.module.css'[39m[33m;
[39m
 [90m  9 |[39m
 [90m 10 |[39m 
[36mconst[39m categories 
[33m=[39m [[0m



Import traces:
  Client Component Browser:
    ./Documents/GitHub/health
ai-website/src/app_pages/Mind
fulness.jsx [Client 
Component Browser]
    ./Documents/GitHub/health
ai-website/src/app/mindfulnes
s/page.jsx [Client Component 
Browser]
    ./Documents/GitHub/health
ai-website/src/app/mindfulnes
s/page.jsx [Server Component]

  Client Component SSR:
    ./Documents/GitHub/health
ai-website/src/app_pages/Mind
fulness.jsx [Client 
Component SSR]
    ./Documents/GitHub/health
ai-website/src/app/mindfulnes
s/page.jsx [Client Component 
SSR]
    ./Documents/GitHub/health
ai-website/src/app/mindfulnes
s/page.jsx [Server Component]

https://nextjs.org/docs/messa
ges/module-not-found


./Documents/GitHub/healthai-w
ebsite/src/app_pages/Progress
.jsx:9:1
Module not found: Can't 
resolve './AiInsightChip'
[0m [90m  7 |[39m 
[36mimport[39m styles 
[36mfrom[39m [32m'./Progre
ss.module.css'[39m[33m;[39
m
 [90m  8 |[39m 
[36mimport[39m 
[33mMetricCard[39m 
[36mfrom[39m [32m'./Metric
Card'[39m[33m;[39m
[31m[1m>[22m[39m[90m  9 
|[39m [36mimport[39m 
[33mAiInsightChip[39m 
[36mfrom[39m [32m'./AiInsi
ghtChip'[39m[33m;[39m
 [90m    |[39m [31m[1m^[
22m[39m[31m[1m^[22m[39m
[31m[1m^[22m[39m[31m[1m^
[22m[39m[31m[1m^[22m[39
m[31m[1m^[22m[39m[31m[1
m^[22m[39m[31m[1m^[22m[
39m[31m[1m^[22m[39m[31m
[1m^[22m[39m[31m[1m^[22m
[39m[31m[1m^[22m[39m[31
m[1m^[22m[39m[31m[1m^[2
2m[39m[31m[1m^[22m[39m[
31m[1m^[22m[39m[31m[1m^
[22m[39m[31m[1m^[22m[39m
[31m[1m^[22m[39m[31m[1m
^[22m[39m[31m[1m^[22m[3
9m[31m[1m^[22m[39m[31m[
1m^[22m[39m[31m[1m^[22m
[39m[31m[1m^[22m[39m[31m
[1m^[22m[39m[31m[1m^[22
m[39m[31m[1m^[22m[39m[3
1m[1m^[22m[39m[31m[1m^[
22m[39m[31m[1m^[22m[39m
[31m[1m^[22m[39m[31m[1m^
[22m[39m[31m[1m^[22m[39
m[31m[1m^[22m[39m[31m[1
m^[22m[39m[31m[1m^[22m[
39m[31m[1m^[22m[39m[31m
[1m^[22m[39m[31m[1m^[22m
[39m[31m[1m^[22m[39m[31
m[1m^[22m[39m[31m[1m^[2
2m[39m[31m[1m^[22m[39m
 [90m 10 |[39m
 [90m 11 |[39m 
[36mconst[39m achievements 
[33m=[39m [
 [90m 12 |[39m     { 
label[33m:[39m [32m'7 Day 
Streak'[39m[33m,[39m 
icon[33m:[39m 
[32m'≡ƒöÑ'[39m[33m,[39m 
unlocked[33m:[39m 
[36mtrue[39m 
}[33m,[39m[0m



Import traces:
  Client Component Browser:
    ./Documents/GitHub/health
ai-website/src/app_pages/Prog
ress.jsx [Client Component 
Browser]
    ./Documents/GitHub/health
ai-website/src/app/progress/p
age.jsx [Client Component 
Browser]
    ./Documents/GitHub/health
ai-website/src/app/progress/p
age.jsx [Server Component]

  Client Component SSR:
    ./Documents/GitHub/health
ai-website/src/app_pages/Prog
ress.jsx [Client Component 
SSR]
    ./Documents/GitHub/health
ai-website/src/app/progress/p
age.jsx [Client Component 
SSR]
    ./Documents/GitHub/health
ai-website/src/app/progress/p
age.jsx [Server Component]

https://nextjs.org/docs/messa
ges/module-not-found


./Documents/GitHub/healthai-w
ebsite/src/app_pages/Progress
.jsx:8:1
Module not found: Can't 
resolve './MetricCard'
[0m [90m  6 |[39m 
[36mimport[39m { motion } 
[36mfrom[39m [32m'framer-m
otion'[39m[33m;[39m
 [90m  7 |[39m 
[36mimport[39m styles 
[36mfrom[39m [32m'./Progre
ss.module.css'[39m[33m;[39
m
[31m[1m>[22m[39m[90m  8 
|[39m [36mimport[39m 
[33mMetricCard[39m 
[36mfrom[39m [32m'./Metric
Card'[39m[33m;[39m
 [90m    |[39m [31m[1m^[
22m[39m[31m[1m^[22m[39m
[31m[1m^[22m[39m[31m[1m^
[22m[39m[31m[1m^[22m[39
m[31m[1m^[22m[39m[31m[1
m^[22m[39m[31m[1m^[22m[
39m[31m[1m^[22m[39m[31m
[1m^[22m[39m[31m[1m^[22m
[39m[31m[1m^[22m[39m[31
m[1m^[22m[39m[31m[1m^[2
2m[39m[31m[1m^[22m[39m[
31m[1m^[22m[39m[31m[1m^
[22m[39m[31m[1m^[22m[39m
[31m[1m^[22m[39m[31m[1m
^[22m[39m[31m[1m^[22m[3
9m[31m[1m^[22m[39m[31m[
1m^[22m[39m[31m[1m^[22m
[39m[31m[1m^[22m[39m[31m
[1m^[22m[39m[31m[1m^[22
m[39m[31m[1m^[22m[39m[3
1m[1m^[22m[39m[31m[1m^[
22m[39m[31m[1m^[22m[39m
[31m[1m^[22m[39m[31m[1m^
[22m[39m[31m[1m^[22m[39
m[31m[1m^[22m[39m[31m[1
m^[22m[39m[31m[1m^[22m[
39m[31m[1m^[22m[39m
 [90m  9 |[39m 
[36mimport[39m 
[33mAiInsightChip[39m 
[36mfrom[39m [32m'./AiInsi
ghtChip'[39m[33m;[39m
 [90m 10 |[39m
 [90m 11 |[39m 
[36mconst[39m achievements 
[33m=[39m [[0m



Import traces:
  Client Component Browser:
    ./Documents/GitHub/health
ai-website/src/app_pages/Prog
ress.jsx [Client Component 
Browser]
    ./Documents/GitHub/health
ai-website/src/app/progress/p
age.jsx [Client Component 
Browser]
    ./Documents/GitHub/health
ai-website/src/app/progress/p
age.jsx [Server Component]

  Client Component SSR:
    ./Documents/GitHub/health
ai-website/src/app_pages/Prog
ress.jsx [Client Component 
SSR]
    ./Documents/GitHub/health
ai-website/src/app/progress/p
age.jsx [Client Component 
SSR]
    ./Documents/GitHub/health
ai-website/src/app/progress/p
age.jsx [Server Component]

https://nextjs.org/docs/messa
ges/module-not-found


./Documents/GitHub/healthai-w
ebsite/src/services/firebase.
js:1:1
Module not found: Can't 
resolve 'firebase/app'
[0m[31m[1m>[22m[39m[90m
 1 |[39m [36mimport[39m { 
initializeApp } 
[36mfrom[39m [32m"firebase
/app"[39m[33m;[39m
 [90m   |[39m [31m[1m^[2
2m[39m[31m[1m^[22m[39m[
31m[1m^[22m[39m[31m[1m^
[22m[39m[31m[1m^[22m[39m
[31m[1m^[22m[39m[31m[1m
^[22m[39m[31m[1m^[22m[3
9m[31m[1m^[22m[39m[31m[
1m^[22m[39m[31m[1m^[22m
[39m[31m[1m^[22m[39m[31m
[1m^[22m[39m[31m[1m^[22
m[39m[31m[1m^[22m[39m[3
1m[1m^[22m[39m[31m[1m^[
22m[39m[31m[1m^[22m[39m
[31m[1m^[22m[39m[31m[1m^
[22m[39m[31m[1m^[22m[39
m[31m[1m^[22m[39m[31m[1
m^[22m[39m[31m[1m^[22m[
39m[31m[1m^[22m[39m[31m
[1m^[22m[39m[31m[1m^[22m
[39m[31m[1m^[22m[39m[31
m[1m^[22m[39m[31m[1m^[2
2m[39m[31m[1m^[22m[39m[
31m[1m^[22m[39m[31m[1m^
[22m[39m[31m[1m^[22m[39m
[31m[1m^[22m[39m[31m[1m
^[22m[39m[31m[1m^[22m[3
9m[31m[1m^[22m[39m[31m[
1m^[22m[39m[31m[1m^[22m
[39m[31m[1m^[22m[39m[31m
[1m^[22m[39m[31m[1m^[22
m[39m[31m[1m^[22m[39m[3
1m[1m^[22m[39m
 [90m 2 |[39m 
[36mimport[39m { getAuth } 
[36mfrom[39m [32m"firebase
/auth"[39m[33m;[39m
 [90m 3 |[39m 
[36mimport[39m { 
getFirestore } 
[36mfrom[39m [32m"firebase
/firestore"[39m[33m;[39m
 [90m 4 |[39m 
[36mimport[39m { 
getStorage } [36mfrom[39m 
[32m"firebase/storage"[39m[
33m;[39m[0m



Import traces:
  Client Component Browser:
    ./Documents/GitHub/health
ai-website/src/services/fireb
ase.js [Client Component 
Browser]
    ./Documents/GitHub/health
ai-website/src/context/AuthCo
ntext.jsx [Client Component 
Browser]
    ./Documents/GitHub/health
ai-website/src/app_pages/Reco
rdsList.jsx [Client 
Component Browser]
    ./Documents/GitHub/health
ai-website/src/app/recordslis
t/page.jsx [Client Component 
Browser]
    ./Documents/GitHub/health
ai-website/src/app/recordslis
t/page.jsx [Server Component]

  Client Component SSR:
    ./Documents/GitHub/health
ai-website/src/services/fireb
ase.js [Client Component SSR]
    ./Documents/GitHub/health
ai-website/src/context/AuthCo
ntext.jsx [Client Component 
SSR]
    ./Documents/GitHub/health
ai-website/src/app_pages/Reco
rdsList.jsx [Client 
Component SSR]
    ./Documents/GitHub/health
ai-website/src/app/recordslis
t/page.jsx [Client Component 
SSR]
    ./Documents/GitHub/health
ai-website/src/app/recordslis
t/page.jsx [Server Component]

https://nextjs.org/docs/messa
ges/module-not-found


./Documents/GitHub/healthai-w
ebsite/src/context/AuthContex
t.jsx:20:63
Module not found: Can't 
resolve 'firebase/auth'
[0m [90m 18 |[39m         
    [36mreturn[39m 
[36mnull[39m[33m;[39m
 [90m 19 |[39m         }
[31m[1m>[22m[39m[90m 20 
|[39m         
[36mconst[39m { 
signInWithPopup[33m,[39m 
[33mGoogleAuthProvider[39m 
} [33m=[39m 
[36mawait[39m [36mimport[
39m([32m"firebase/auth"[39m
)[33m;[39m
 [90m    |[39m             
                             
                     [31m[1
m^[22m[39m[31m[1m^[22m[
39m[31m[1m^[22m[39m[31m
[1m^[22m[39m[31m[1m^[22m
[39m[31m[1m^[22m[39m[31
m[1m^[22m[39m[31m[1m^[2
2m[39m[31m[1m^[22m[39m[
31m[1m^[22m[39m[31m[1m^
[22m[39m[31m[1m^[22m[39m
[31m[1m^[22m[39m[31m[1m
^[22m[39m[31m[1m^[22m[3
9m[31m[1m^[22m[39m[31m[
1m^[22m[39m[31m[1m^[22m
[39m[31m[1m^[22m[39m[31m
[1m^[22m[39m[31m[1m^[22
m[39m[31m[1m^[22m[39m[3
1m[1m^[22m[39m
 [90m 21 |[39m         
[36mconst[39m { 
doc[33m,[39m 
setDoc[33m,[39m getDoc } 
[33m=[39m [36mawait[39m 
[36mimport[39m([32m"firebas
e/firestore"[39m)[33m;[39m
 [90m 22 |[39m         
[36mconst[39m provider 
[33m=[39m [36mnew[39m [3
3mGoogleAuthProvider[39m()[
33m;[39m
 [90m 23 |[39m         
[36mtry[39m {[0m



Import traces:
  Client Component Browser:
    ./Documents/GitHub/health
ai-website/src/context/AuthCo
ntext.jsx [Client Component 
Browser]
    ./Documents/GitHub/health
ai-website/src/app_pages/Nutr
itionOnboarding.jsx [Client 
Component Browser]
    ./Documents/GitHub/health
ai-website/src/app/nutritiono
nboarding/page.jsx [Client 
Component Browser]
    ./Documents/GitHub/health
ai-website/src/app/nutritiono
nboarding/page.jsx [Server 
Component]

  Client Component SSR:
    ./Documents/GitHub/health
ai-website/src/context/AuthCo
ntext.jsx [Client Component 
SSR]
    ./Documents/GitHub/health
ai-website/src/app_pages/Nutr
itionOnboarding.jsx [Client 
Component SSR]
    ./Documents/GitHub/health
ai-website/src/app/nutritiono
nboarding/page.jsx [Client 
Component SSR]
    ./Documents/GitHub/health
ai-website/src/app/nutritiono
nboarding/page.jsx [Server 
Component]

https://nextjs.org/docs/messa
ges/module-not-found


./Documents/GitHub/healthai-w
ebsite/src/context/AuthContex
t.jsx:44:35
Module not found: Can't 
resolve 'firebase/auth'
[0m [90m 42 |[39m     
[36mconst[39m logout 
[33m=[39m [36masync[39m 
() [33m=>[39m {
 [90m 43 |[39m         
[36mif[39m 
([33m![39mauth) 
[36mreturn[39m[33m;[39m
[31m[1m>[22m[39m[90m 44 
|[39m         
[36mconst[39m { signOut } 
[33m=[39m [36mawait[39m 
[36mimport[39m([32m"firebas
e/auth"[39m)[33m;[39m
 [90m    |[39m             
                      [31m[
1m^[22m[39m[31m[1m^[22m
[39m[31m[1m^[22m[39m[31m
[1m^[22m[39m[31m[1m^[22
m[39m[31m[1m^[22m[39m[3
1m[1m^[22m[39m[31m[1m^[
22m[39m[31m[1m^[22m[39m
[31m[1m^[22m[39m[31m[1m^
[22m[39m[31m[1m^[22m[39
m[31m[1m^[22m[39m[31m[1
m^[22m[39m[31m[1m^[22m[
39m[31m[1m^[22m[39m[31m
[1m^[22m[39m[31m[1m^[22m
[39m[31m[1m^[22m[39m[31
m[1m^[22m[39m[31m[1m^[2
2m[39m[31m[1m^[22m[39m[
31m[1m^[22m[39m
 [90m 45 |[39m         
[36mreturn[39m 
signOut(auth)[33m;[39m
 [90m 46 |[39m     
}[33m;[39m
 [90m 47 |[39m[0m



Import traces:
  Client Component Browser:
    ./Documents/GitHub/health
ai-website/src/context/AuthCo
ntext.jsx [Client Component 
Browser]
    ./Documents/GitHub/health
ai-website/src/app_pages/Nutr
itionOnboarding.jsx [Client 
Component Browser]
    ./Documents/GitHub/health
ai-website/src/app/nutritiono
nboarding/page.jsx [Client 
Component Browser]
    ./Documents/GitHub/health
ai-website/src/app/nutritiono
nboarding/page.jsx [Server 
Component]

  Client Component SSR:
    ./Documents/GitHub/health
ai-website/src/context/AuthCo
ntext.jsx [Client Component 
SSR]
    ./Documents/GitHub/health
ai-website/src/app_pages/Nutr
itionOnboarding.jsx [Client 
Component SSR]
    ./Documents/GitHub/health
ai-website/src/app/nutritiono
nboarding/page.jsx [Client 
Component SSR]
    ./Documents/GitHub/health
ai-website/src/app/nutritiono
nboarding/page.jsx [Server 
Component]

https://nextjs.org/docs/messa
ges/module-not-found


./Documents/GitHub/healthai-w
ebsite/src/services/firebase.
js:2:1
Module not found: Can't 
resolve 'firebase/auth'
[0m [90m 1 |[39m 
[36mimport[39m { 
initializeApp } 
[36mfrom[39m [32m"firebase
/app"[39m[33m;[39m
[31m[1m>[22m[39m[90m 2 
|[39m [36mimport[39m { 
getAuth } [36mfrom[39m [32
m"firebase/auth"[39m[33m;[
39m
 [90m   |[39m [31m[1m^[2
2m[39m[31m[1m^[22m[39m[
31m[1m^[22m[39m[31m[1m^
[22m[39m[31m[1m^[22m[39m
[31m[1m^[22m[39m[31m[1m
^[22m[39m[31m[1m^[22m[3
9m[31m[1m^[22m[39m[31m[
1m^[22m[39m[31m[1m^[22m
[39m[31m[1m^[22m[39m[31m
[1m^[22m[39m[31m[1m^[22
m[39m[31m[1m^[22m[39m[3
1m[1m^[22m[39m[31m[1m^[
22m[39m[31m[1m^[22m[39m
[31m[1m^[22m[39m[31m[1m^
[22m[39m[31m[1m^[22m[39
m[31m[1m^[22m[39m[31m[1
m^[22m[39m[31m[1m^[22m[
39m[31m[1m^[22m[39m[31m
[1m^[22m[39m[31m[1m^[22m
[39m[31m[1m^[22m[39m[31
m[1m^[22m[39m[31m[1m^[2
2m[39m[31m[1m^[22m[39m[
31m[1m^[22m[39m[31m[1m^
[22m[39m[31m[1m^[22m[39m
[31m[1m^[22m[39m[31m[1m
^[22m[39m[31m[1m^[22m[3
9m[31m[1m^[22m[39m[31m[
1m^[22m[39m[31m[1m^[22m
[39m
 [90m 3 |[39m 
[36mimport[39m { 
getFirestore } 
[36mfrom[39m [32m"firebase
/firestore"[39m[33m;[39m
 [90m 4 |[39m 
[36mimport[39m { 
getStorage } [36mfrom[39m 
[32m"firebase/storage"[39m[
33m;[39m
 [90m 5 |[39m[0m



Import traces:
  Client Component Browser:
    ./Documents/GitHub/health
ai-website/src/services/fireb
ase.js [Client Component 
Browser]
    ./Documents/GitHub/health
ai-website/src/context/AuthCo
ntext.jsx [Client Component 
Browser]
    ./Documents/GitHub/health
ai-website/src/app_pages/Reco
rdsList.jsx [Client 
Component Browser]
    ./Documents/GitHub/health
ai-website/src/app/recordslis
t/page.jsx [Client Component 
Browser]
    ./Documents/GitHub/health
ai-website/src/app/recordslis
t/page.jsx [Server Component]

  Client Component SSR:
    ./Documents/GitHub/health
ai-website/src/services/fireb
ase.js [Client Component SSR]
    ./Documents/GitHub/health
ai-website/src/context/AuthCo
ntext.jsx [Client Component 
SSR]
    ./Documents/GitHub/health
ai-website/src/app_pages/Reco
rdsList.jsx [Client 
Component SSR]
    ./Documents/GitHub/health
ai-website/src/app/recordslis
t/page.jsx [Client Component 
SSR]
    ./Documents/GitHub/health
ai-website/src/app/recordslis
t/page.jsx [Server Component]

https://nextjs.org/docs/messa
ges/module-not-found


./Documents/GitHub/healthai-w
ebsite/src/app_pages/Analysis
Result.jsx:6:1
Module not found: Can't 
resolve 'firebase/firestore'
[0m [90m 4 |[39m 
[36mimport[39m { 
useEffect[33m,[39m 
useState } [36mfrom[39m 
[32m'react'[39m[33m;[39m
 [90m 5 |[39m 
[36mimport[39m { [33mArrow
Left[39m[33m,[39m [33mChe
ckCircle[39m[33m,[39m [33
mAlertTriangle[39m[33m,[39
m [33mEdit2[39m } 
[36mfrom[39m [32m'lucide-r
eact'[39m[33m;[39m
[31m[1m>[22m[39m[90m 6 
|[39m [36mimport[39m { 
doc[33m,[39m getDoc } 
[36mfrom[39m [32m'firebase
/firestore'[39m[33m;[39m
 [90m   |[39m [31m[1m^[2
2m[39m[31m[1m^[22m[39m[
31m[1m^[22m[39m[31m[1m^
[22m[39m[31m[1m^[22m[39m
[31m[1m^[22m[39m[31m[1m
^[22m[39m[31m[1m^[22m[3
9m[31m[1m^[22m[39m[31m[
1m^[22m[39m[31m[1m^[22m
[39m[31m[1m^[22m[39m[31m
[1m^[22m[39m[31m[1m^[22
m[39m[31m[1m^[22m[39m[3
1m[1m^[22m[39m[31m[1m^[
22m[39m[31m[1m^[22m[39m
[31m[1m^[22m[39m[31m[1m^
[22m[39m[31m[1m^[22m[39
m[31m[1m^[22m[39m[31m[1
m^[22m[39m[31m[1m^[22m[
39m[31m[1m^[22m[39m[31m
[1m^[22m[39m[31m[1m^[22m
[39m[31m[1m^[22m[39m[31
m[1m^[22m[39m[31m[1m^[2
2m[39m[31m[1m^[22m[39m[
31m[1m^[22m[39m[31m[1m^
[22m[39m[31m[1m^[22m[39m
[31m[1m^[22m[39m[31m[1m
^[22m[39m[31m[1m^[22m[3
9m[31m[1m^[22m[39m[31m[
1m^[22m[39m[31m[1m^[22m
[39m[31m[1m^[22m[39m[31m
[1m^[22m[39m[31m[1m^[22
m[39m[31m[1m^[22m[39m[3
1m[1m^[22m[39m[31m[1m^[
22m[39m[31m[1m^[22m[39m
[31m[1m^[22m[39m[31m[1m^
[22m[39m
 [90m 7 |[39m 
[36mimport[39m { db } 
[36mfrom[39m [32m'../servi
ces/firebase'[39m[33m;[39m
 [90m 8 |[39m 
[36mimport[39m styles 
[36mfrom[39m [32m'./Analys
isResult.module.css'[39m[33
m;[39m
 [90m 9 |[39m[0m



Import traces:
  Client Component Browser:
    ./Documents/GitHub/health
ai-website/src/app_pages/Anal
ysisResult.jsx [Client 
Component Browser]
    ./Documents/GitHub/health
ai-website/src/app/analysisre
sult/page.jsx [Client 
Component Browser]
    ./Documents/GitHub/health
ai-website/src/app/analysisre
sult/page.jsx [Server 
Component]

  Client Component SSR:
    ./Documents/GitHub/health
ai-website/src/app_pages/Anal
ysisResult.jsx [Client 
Component SSR]
    ./Documents/GitHub/health
ai-website/src/app/analysisre
sult/page.jsx [Client 
Component SSR]
    ./Documents/GitHub/health
ai-website/src/app/analysisre
sult/page.jsx [Server 
Component]

https://nextjs.org/docs/messa
ges/module-not-found


./Documents/GitHub/healthai-w
ebsite/src/app_pages/Onboardi
ngFlow.jsx:8:1
Module not found: Can't 
resolve 'firebase/firestore'
[0m [90m  6 |[39m 
[36mimport[39m { [33mArrow
Right[39m[33m,[39m [33mAr
rowLeft[39m[33m,[39m 
[33mUser[39m[33m,[39m [3
3mCalendar[39m[33m,[39m 
[33mUsers[39m[33m,[39m 
[33mBell[39m[33m,[39m 
[33mSparkles[39m } 
[36mfrom[39m [32m'lucide-r
eact'[39m[33m;[39m
 [90m  7 |[39m 
[36mimport[39m { db } 
[36mfrom[39m [32m'../servi
ces/firebase'[39m[33m;[39m
[31m[1m>[22m[39m[90m  8 
|[39m [36mimport[39m { 
doc[33m,[39m setDoc } 
[36mfrom[39m [32m'firebase
/firestore'[39m[33m;[39m
 [90m    |[39m [31m[1m^[
22m[39m[31m[1m^[22m[39m
[31m[1m^[22m[39m[31m[1m^
[22m[39m[31m[1m^[22m[39
m[31m[1m^[22m[39m[31m[1
m^[22m[39m[31m[1m^[22m[
39m[31m[1m^[22m[39m[31m
[1m^[22m[39m[31m[1m^[22m
[39m[31m[1m^[22m[39m[31
m[1m^[22m[39m[31m[1m^[2
2m[39m[31m[1m^[22m[39m[
31m[1m^[22m[39m[31m[1m^
[22m[39m[31m[1m^[22m[39m
[31m[1m^[22m[39m[31m[1m
^[22m[39m[31m[1m^[22m[3
9m[31m[1m^[22m[39m[31m[
1m^[22m[39m[31m[1m^[22m
[39m[31m[1m^[22m[39m[31m
[1m^[22m[39m[31m[1m^[22
m[39m[31m[1m^[22m[39m[3
1m[1m^[22m[39m[31m[1m^[
22m[39m[31m[1m^[22m[39m
[31m[1m^[22m[39m[31m[1m^
[22m[39m[31m[1m^[22m[39
m[31m[1m^[22m[39m[31m[1
m^[22m[39m[31m[1m^[22m[
39m[31m[1m^[22m[39m[31m
[1m^[22m[39m[31m[1m^[22m
[39m[31m[1m^[22m[39m[31
m[1m^[22m[39m[31m[1m^[2
2m[39m[31m[1m^[22m[39m[
31m[1m^[22m[39m[31m[1m^
[22m[39m[31m[1m^[22m[39m
[31m[1m^[22m[39m[31m[1m
^[22m[39m
 [90m  9 |[39m 
[36mimport[39m { useAuth } 
[36mfrom[39m [32m'../conte
xt/AuthContext'[39m[33m;[3
9m
 [90m 10 |[39m 
[36mimport[39m styles 
[36mfrom[39m [32m'./Onboar
dingFlow.module.css'[39m[33
m;[39m
 [90m 11 |[39m[0m



Import traces:
  Client Component Browser:
    ./Documents/GitHub/health
ai-website/src/app_pages/Onbo
ardingFlow.jsx [Client 
Component Browser]
    ./Documents/GitHub/health
ai-website/src/app/onboarding
flow/page.jsx [Client 
Component Browser]
    ./Documents/GitHub/health
ai-website/src/app/onboarding
flow/page.jsx [Server 
Component]

  Client Component SSR:
    ./Documents/GitHub/health
ai-website/src/app_pages/Onbo
ardingFlow.jsx [Client 
Component SSR]
    ./Documents/GitHub/health
ai-website/src/app/onboarding
flow/page.jsx [Client 
Component SSR]
    ./Documents/GitHub/health
ai-website/src/app/onboarding
flow/page.jsx [Server 
Component]

https://nextjs.org/docs/messa
ges/module-not-found


./Documents/GitHub/healthai-w
ebsite/src/context/AuthContex
t.jsx:21:47
Module not found: Can't 
resolve 'firebase/firestore'
[0m [90m 19 |[39m         
}
 [90m 20 |[39m         
[36mconst[39m { 
signInWithPopup[33m,[39m 
[33mGoogleAuthProvider[39m 
} [33m=[39m 
[36mawait[39m [36mimport[
39m([32m"firebase/auth"[39m
)[33m;[39m
[31m[1m>[22m[39m[90m 21 
|[39m         
[36mconst[39m { 
doc[33m,[39m 
setDoc[33m,[39m getDoc } 
[33m=[39m [36mawait[39m 
[36mimport[39m([32m"firebas
e/firestore"[39m)[33m;[39m
 [90m    |[39m             
                             
     [31m[1m^[22m[39m[31
m[1m^[22m[39m[31m[1m^[2
2m[39m[31m[1m^[22m[39m[
31m[1m^[22m[39m[31m[1m^
[22m[39m[31m[1m^[22m[39m
[31m[1m^[22m[39m[31m[1m
^[22m[39m[31m[1m^[22m[3
9m[31m[1m^[22m[39m[31m[
1m^[22m[39m[31m[1m^[22m
[39m[31m[1m^[22m[39m[31m
[1m^[22m[39m[31m[1m^[22
m[39m[31m[1m^[22m[39m[3
1m[1m^[22m[39m[31m[1m^[
22m[39m[31m[1m^[22m[39m
[31m[1m^[22m[39m[31m[1m^
[22m[39m[31m[1m^[22m[39
m[31m[1m^[22m[39m[31m[1
m^[22m[39m[31m[1m^[22m[
39m[31m[1m^[22m[39m[31m
[1m^[22m[39m
 [90m 22 |[39m         
[36mconst[39m provider 
[33m=[39m [36mnew[39m [3
3mGoogleAuthProvider[39m()[
33m;[39m
 [90m 23 |[39m         
[36mtry[39m {
 [90m 24 |[39m             
[36mconst[39m result 
[33m=[39m [36mawait[39m s
ignInWithPopup(auth[33m,[39
m provider)[33m;[39m[0m



Import traces:
  Client Component Browser:
    ./Documents/GitHub/health
ai-website/src/context/AuthCo
ntext.jsx [Client Component 
Browser]
    ./Documents/GitHub/health
ai-website/src/app_pages/Nutr
itionOnboarding.jsx [Client 
Component Browser]
    ./Documents/GitHub/health
ai-website/src/app/nutritiono
nboarding/page.jsx [Client 
Component Browser]
    ./Documents/GitHub/health
ai-website/src/app/nutritiono
nboarding/page.jsx [Server 
Component]

  Client Component SSR:
    ./Documents/GitHub/health
ai-website/src/context/AuthCo
ntext.jsx [Client Component 
SSR]
    ./Documents/GitHub/health
ai-website/src/app_pages/Nutr
itionOnboarding.jsx [Client 
Component SSR]
    ./Documents/GitHub/health
ai-website/src/app/nutritiono
nboarding/page.jsx [Client 
Component SSR]
    ./Documents/GitHub/health
ai-website/src/app/nutritiono
nboarding/page.jsx [Server 
Component]

https://nextjs.org/docs/messa
ges/module-not-found


./Documents/GitHub/healthai-w
ebsite/src/services/dbService
.js:2:1
Module not found: Can't 
resolve 'firebase/firestore'
[0m [90m  1 |[39m 
[36mimport[39m { db } 
[36mfrom[39m [32m"./fireba
se"[39m[33m;[39m
[31m[1m>[22m[39m[90m  2 
|[39m [36mimport[39m {
 [90m    |[39m [31m[1m^[
22m[39m[31m[1m^[22m[39m
[31m[1m^[22m[39m[31m[1m^
[22m[39m[31m[1m^[22m[39
m[31m[1m^[22m[39m[31m[1
m^[22m[39m[31m[1m^[22m[
39m
[31m[1m>[22m[39m[90m  3 
|[39m     
collection[33m,[39m
 [90m    |[39m [31m[1m^[
22m[39m[31m[1m^[22m[39m
[31m[1m^[22m[39m[31m[1m^
[22m[39m[31m[1m^[22m[39
m[31m[1m^[22m[39m[31m[1
m^[22m[39m[31m[1m^[22m[
39m[31m[1m^[22m[39m[31m
[1m^[22m[39m[31m[1m^[22m
[39m[31m[1m^[22m[39m[31
m[1m^[22m[39m[31m[1m^[2
2m[39m[31m[1m^[22m[39m
[31m[1m>[22m[39m[90m  4 
|[39m     addDoc[33m,[39m
 [90m    |[39m [31m[1m^[
22m[39m[31m[1m^[22m[39m
[31m[1m^[22m[39m[31m[1m^
[22m[39m[31m[1m^[22m[39
m[31m[1m^[22m[39m[31m[1
m^[22m[39m[31m[1m^[22m[
39m[31m[1m^[22m[39m[31m
[1m^[22m[39m[31m[1m^[22m
[39m[31m[1m^[22m[39m[31
m[1m^[22m[39m[31m[1m^[2
2m[39m[31m[1m^[22m[39m
[31m[1m>[22m[39m[90m  5 
|[39m     
updateDoc[33m,[39m
 [90m    |[39m [31m[1m^[
22m[39m[31m[1m^[22m[39m
[31m[1m^[22m[39m[31m[1m^
[22m[39m[31m[1m^[22m[39
m[31m[1m^[22m[39m[31m[1
m^[22m[39m[31m[1m^[22m[
39m[31m[1m^[22m[39m[31m
[1m^[22m[39m[31m[1m^[22m
[39m[31m[1m^[22m[39m[31
m[1m^[22m[39m[31m[1m^[2
2m[39m[31m[1m^[22m[39m
[31m[1m>[22m[39m[90m  6 
|[39m     doc[33m,[39m
 [90m    |[39m [31m[1m^[
22m[39m[31m[1m^[22m[39m
[31m[1m^[22m[39m[31m[1m^
[22m[39m[31m[1m^[22m[39
m[31m[1m^[22m[39m[31m[1
m^[22m[39m[31m[1m^[22m[
39m[31m[1m^[22m[39m[31m
[1m^[22m[39m[31m[1m^[22m
[39m[31m[1m^[22m[39m[31
m[1m^[22m[39m[31m[1m^[2
2m[39m[31m[1m^[22m[39m
[31m[1m>[22m[39m[90m  7 
|[39m     getDoc[33m,[39m
 [90m    |[39m [31m[1m^[
22m[39m[31m[1m^[22m[39m
[31m[1m^[22m[39m[31m[1m^
[22m[39m[31m[1m^[22m[39
m[31m[1m^[22m[39m[31m[1
m^[22m[39m[31m[1m^[22m[
39m[31m[1m^[22m[39m[31m
[1m^[22m[39m[31m[1m^[22m
[39m[31m[1m^[22m[39m[31
m[1m^[22m[39m[31m[1m^[2
2m[39m[31m[1m^[22m[39m
[31m[1m>[22m[39m[90m  8 
|[39m     getDocs[33m,[39m
 [90m    |[39m [31m[1m^[
22m[39m[31m[1m^[22m[39m
[31m[1m^[22m[39m[31m[1m^
[22m[39m[31m[1m^[22m[39
m[31m[1m^[22m[39m[31m[1
m^[22m[39m[31m[1m^[22m[
39m[31m[1m^[22m[39m[31m
[1m^[22m[39m[31m[1m^[22m
[39m[31m[1m^[22m[39m[31
m[1m^[22m[39m[31m[1m^[2
2m[39m[31m[1m^[22m[39m
[31m[1m>[22m[39m[90m  9 
|[39m     query[33m,[39m
 [90m    |[39m [31m[1m^[
22m[39m[31m[1m^[22m[39m
[31m[1m^[22m[39m[31m[1m^
[22m[39m[31m[1m^[22m[39
m[31m[1m^[22m[39m[31m[1
m^[22m[39m[31m[1m^[22m[
39m[31m[1m^[22m[39m[31m
[1m^[22m[39m[31m[1m^[22m
[39m[31m[1m^[22m[39m[31
m[1m^[22m[39m[31m[1m^[2
2m[39m[31m[1m^[22m[39m
[31m[1m>[22m[39m[90m 10 
|[39m     where[33m,[39m
 [90m    |[39m [31m[1m^[
22m[39m[31m[1m^[22m[39m
[31m[1m^[22m[39m[31m[1m^
[22m[39m[31m[1m^[22m[39
m[31m[1m^[22m[39m[31m[1
m^[22m[39m[31m[1m^[22m[
39m[31m[1m^[22m[39m[31m
[1m^[22m[39m[31m[1m^[22m
[39m[31m[1m^[22m[39m[31
m[1m^[22m[39m[31m[1m^[2
2m[39m[31m[1m^[22m[39m
[31m[1m>[22m[39m[90m 11 
|[39m     orderBy[33m,[39m
 [90m    |[39m [31m[1m^[
22m[39m[31m[1m^[22m[39m
[31m[1m^[22m[39m[31m[1m^
[22m[39m[31m[1m^[22m[39
m[31m[1m^[22m[39m[31m[1
m^[22m[39m[31m[1m^[22m[
39m[31m[1m^[22m[39m[31m
[1m^[22m[39m[31m[1m^[22m
[39m[31m[1m^[22m[39m[31
m[1m^[22m[39m[31m[1m^[2
2m[39m[31m[1m^[22m[39m
[31m[1m>[22m[39m[90m 12 
|[39m     
serverTimestamp[33m,[39m
 [90m    |[39m [31m[1m^[
22m[39m[31m[1m^[22m[39m
[31m[1m^[22m[39m[31m[1m^
[22m[39m[31m[1m^[22m[39
m[31m[1m^[22m[39m[31m[1
m^[22m[39m[31m[1m^[22m[
39m[31m[1m^[22m[39m[31m
[1m^[22m[39m[31m[1m^[22m
[39m[31m[1m^[22m[39m[31
m[1m^[22m[39m[31m[1m^[2
2m[39m[31m[1m^[22m[39m
[31m[1m>[22m[39m[90m 13 
|[39m     deleteDoc
 [90m    |[39m [31m[1m^[
22m[39m[31m[1m^[22m[39m
[31m[1m^[22m[39m[31m[1m^
[22m[39m[31m[1m^[22m[39
m[31m[1m^[22m[39m[31m[1
m^[22m[39m[31m[1m^[22m[
39m[31m[1m^[22m[39m[31m
[1m^[22m[39m[31m[1m^[22m
[39m[31m[1m^[22m[39m[31
m[1m^[22m[39m[31m[1m^[2
2m[39m[31m[1m^[22m[39m
[31m[1m>[22m[39m[90m 14 
|[39m } [36mfrom[39m [32m
"firebase/firestore"[39m[33
m;[39m
 [90m    |[39m [31m[1m^[
22m[39m[31m[1m^[22m[39m
[31m[1m^[22m[39m[31m[1m^
[22m[39m[31m[1m^[22m[39
m[31m[1m^[22m[39m[31m[1
m^[22m[39m[31m[1m^[22m[
39m[31m[1m^[22m[39m[31m
[1m^[22m[39m[31m[1m^[22m
[39m[31m[1m^[22m[39m[31
m[1m^[22m[39m[31m[1m^[2
2m[39m[31m[1m^[22m[39m[
31m[1m^[22m[39m[31m[1m^
[22m[39m[31m[1m^[22m[39m
[31m[1m^[22m[39m[31m[1m
^[22m[39m[31m[1m^[22m[3
9m[31m[1m^[22m[39m[31m[
1m^[22m[39m[31m[1m^[22m
[39m[31m[1m^[22m[39m[31m
[1m^[22m[39m[31m[1m^[22
m[39m[31m[1m^[22m[39m[3
1m[1m^[22m[39m
 [90m 15 |[39m
 [90m 16 |[39m [90m// 
User Operations[39m
 [90m 17 |[39m 
[36mexport[39m 
[36mconst[39m 
getUserProfile [33m=[39m 
[36masync[39m (userId) 
[33m=>[39m {[0m



Import traces:
  Client Component Browser:
    ./Documents/GitHub/health
ai-website/src/services/dbSer
vice.js [Client Component 
Browser]
    ./Documents/GitHub/health
ai-website/src/app_pages/Reco
rdsList.jsx [Client 
Component Browser]
    ./Documents/GitHub/health
ai-website/src/app/recordslis
t/page.jsx [Client Component 
Browser]
    ./Documents/GitHub/health
ai-website/src/app/recordslis
t/page.jsx [Server Component]

  Client Component SSR:
    ./Documents/GitHub/health
ai-website/src/services/dbSer
vice.js [Client Component 
SSR]
    ./Documents/GitHub/health
ai-website/src/app_pages/Reco
rdsList.jsx [Client 
Component SSR]
    ./Documents/GitHub/health
ai-website/src/app/recordslis
t/page.jsx [Client Component 
SSR]
    ./Documents/GitHub/health
ai-website/src/app/recordslis
t/page.jsx [Server Component]

https://nextjs.org/docs/messa
ges/module-not-found


./Documents/GitHub/healthai-w
ebsite/src/services/firebase.
js:3:1
Module not found: Can't 
resolve 'firebase/firestore'
[0m [90m 1 |[39m 
[36mimport[39m { 
initializeApp } 
[36mfrom[39m [32m"firebase
/app"[39m[33m;[39m
 [90m 2 |[39m 
[36mimport[39m { getAuth } 
[36mfrom[39m [32m"firebase
/auth"[39m[33m;[39m
[31m[1m>[22m[39m[90m 3 
|[39m [36mimport[39m { 
getFirestore } 
[36mfrom[39m [32m"firebase
/firestore"[39m[33m;[39m
 [90m   |[39m [31m[1m^[2
2m[39m[31m[1m^[22m[39m[
31m[1m^[22m[39m[31m[1m^
[22m[39m[31m[1m^[22m[39m
[31m[1m^[22m[39m[31m[1m
^[22m[39m[31m[1m^[22m[3
9m[31m[1m^[22m[39m[31m[
1m^[22m[39m[31m[1m^[22m
[39m[31m[1m^[22m[39m[31m
[1m^[22m[39m[31m[1m^[22
m[39m[31m[1m^[22m[39m[3
1m[1m^[22m[39m[31m[1m^[
22m[39m[31m[1m^[22m[39m
[31m[1m^[22m[39m[31m[1m^
[22m[39m[31m[1m^[22m[39
m[31m[1m^[22m[39m[31m[1
m^[22m[39m[31m[1m^[22m[
39m[31m[1m^[22m[39m[31m
[1m^[22m[39m[31m[1m^[22m
[39m[31m[1m^[22m[39m[31
m[1m^[22m[39m[31m[1m^[2
2m[39m[31m[1m^[22m[39m[
31m[1m^[22m[39m[31m[1m^
[22m[39m[31m[1m^[22m[39m
[31m[1m^[22m[39m[31m[1m
^[22m[39m[31m[1m^[22m[3
9m[31m[1m^[22m[39m[31m[
1m^[22m[39m[31m[1m^[22m
[39m[31m[1m^[22m[39m[31m
[1m^[22m[39m[31m[1m^[22
m[39m[31m[1m^[22m[39m[3
1m[1m^[22m[39m[31m[1m^[
22m[39m[31m[1m^[22m[39m
[31m[1m^[22m[39m[31m[1m^
[22m[39m[31m[1m^[22m[39
m
 [90m 4 |[39m 
[36mimport[39m { 
getStorage } [36mfrom[39m 
[32m"firebase/storage"[39m[
33m;[39m
 [90m 5 |[39m
 [90m 6 |[39m 
[36mconst[39m 
firebaseConfig [33m=[39m 
{[0m



Import traces:
  Client Component Browser:
    ./Documents/GitHub/health
ai-website/src/services/fireb
ase.js [Client Component 
Browser]
    ./Documents/GitHub/health
ai-website/src/context/AuthCo
ntext.jsx [Client Component 
Browser]
    ./Documents/GitHub/health
ai-website/src/app_pages/Reco
rdsList.jsx [Client 
Component Browser]
    ./Documents/GitHub/health
ai-website/src/app/recordslis
t/page.jsx [Client Component 
Browser]
    ./Documents/GitHub/health
ai-website/src/app/recordslis
t/page.jsx [Server Component]

  Client Component SSR:
    ./Documents/GitHub/health
ai-website/src/services/fireb
ase.js [Client Component SSR]
    ./Documents/GitHub/health
ai-website/src/context/AuthCo
ntext.jsx [Client Component 
SSR]
    ./Documents/GitHub/health
ai-website/src/app_pages/Reco
rdsList.jsx [Client 
Component SSR]
    ./Documents/GitHub/health
ai-website/src/app/recordslis
t/page.jsx [Client Component 
SSR]
    ./Documents/GitHub/health
ai-website/src/app/recordslis
t/page.jsx [Server Component]

https://nextjs.org/docs/messa
ges/module-not-found


./Documents/GitHub/healthai-w
ebsite/src/services/firebase.
js:4:1
Module not found: Can't 
resolve 'firebase/storage'
[0m [90m 2 |[39m 
[36mimport[39m { getAuth } 
[36mfrom[39m [32m"firebase
/auth"[39m[33m;[39m
 [90m 3 |[39m 
[36mimport[39m { 
getFirestore } 
[36mfrom[39m [32m"firebase
/firestore"[39m[33m;[39m
[31m[1m>[22m[39m[90m 4 
|[39m [36mimport[39m { 
getStorage } [36mfrom[39m 
[32m"firebase/storage"[39m[
33m;[39m
 [90m   |[39m [31m[1m^[2
2m[39m[31m[1m^[22m[39m[
31m[1m^[22m[39m[31m[1m^
[22m[39m[31m[1m^[22m[39m
[31m[1m^[22m[39m[31m[1m
^[22m[39m[31m[1m^[22m[3
9m[31m[1m^[22m[39m[31m[
1m^[22m[39m[31m[1m^[22m
[39m[31m[1m^[22m[39m[31m
[1m^[22m[39m[31m[1m^[22
m[39m[31m[1m^[22m[39m[3
1m[1m^[22m[39m[31m[1m^[
22m[39m[31m[1m^[22m[39m
[31m[1m^[22m[39m[31m[1m^
[22m[39m[31m[1m^[22m[39
m[31m[1m^[22m[39m[31m[1
m^[22m[39m[31m[1m^[22m[
39m[31m[1m^[22m[39m[31m
[1m^[22m[39m[31m[1m^[22m
[39m[31m[1m^[22m[39m[31
m[1m^[22m[39m[31m[1m^[2
2m[39m[31m[1m^[22m[39m[
31m[1m^[22m[39m[31m[1m^
[22m[39m[31m[1m^[22m[39m
[31m[1m^[22m[39m[31m[1m
^[22m[39m[31m[1m^[22m[3
9m[31m[1m^[22m[39m[31m[
1m^[22m[39m[31m[1m^[22m
[39m[31m[1m^[22m[39m[31m
[1m^[22m[39m[31m[1m^[22
m[39m[31m[1m^[22m[39m[3
1m[1m^[22m[39m[31m[1m^[
22m[39m
 [90m 5 |[39m
 [90m 6 |[39m 
[36mconst[39m 
firebaseConfig [33m=[39m {
 [90m 7 |[39m   
apiKey[33m:[39m process[33
m.[39menv[33m.[39m[33mNEX
T_PUBLIC_FIREBASE_API_KEY[39
m [33m||[39m [32m'demo-key
'[39m[33m,[39m[0m



Import traces:
  Client Component Browser:
    ./Documents/GitHub/health
ai-website/src/services/fireb
ase.js [Client Component 
Browser]
    ./Documents/GitHub/health
ai-website/src/context/AuthCo
ntext.jsx [Client Component 
Browser]
    ./Documents/GitHub/health
ai-website/src/app_pages/Reco
rdsList.jsx [Client 
Component Browser]
    ./Documents/GitHub/health
ai-website/src/app/recordslis
t/page.jsx [Client Component 
Browser]
    ./Documents/GitHub/health
ai-website/src/app/recordslis
t/page.jsx [Server Component]

  Client Component SSR:
    ./Documents/GitHub/health
ai-website/src/services/fireb
ase.js [Client Component SSR]
    ./Documents/GitHub/health
ai-website/src/context/AuthCo
ntext.jsx [Client Component 
SSR]
    ./Documents/GitHub/health
ai-website/src/app_pages/Reco
rdsList.jsx [Client 
Component SSR]
    ./Documents/GitHub/health
ai-website/src/app/recordslis
t/page.jsx [Client Component 
SSR]
    ./Documents/GitHub/health
ai-website/src/app/recordslis
t/page.jsx [Server Component]

https://nextjs.org/docs/messa
ges/module-not-found


./Documents/GitHub/healthai-w
ebsite/src/services/healthAI.
js:1:1
Module not found: Can't 
resolve 'groq-sdk'
[0m[31m[1m>[22m[39m[90m
 1 |[39m [36mimport[39m 
[33mGroq[39m 
[36mfrom[39m [32m"groq-sdk
"[39m[33m;[39m
 [90m   |[39m [31m[1m^[2
2m[39m[31m[1m^[22m[39m[
31m[1m^[22m[39m[31m[1m^
[22m[39m[31m[1m^[22m[39m
[31m[1m^[22m[39m[31m[1m
^[22m[39m[31m[1m^[22m[3
9m[31m[1m^[22m[39m[31m[
1m^[22m[39m[31m[1m^[22m
[39m[31m[1m^[22m[39m[31m
[1m^[22m[39m[31m[1m^[22
m[39m[31m[1m^[22m[39m[3
1m[1m^[22m[39m[31m[1m^[
22m[39m[31m[1m^[22m[39m
[31m[1m^[22m[39m[31m[1m^
[22m[39m[31m[1m^[22m[39
m[31m[1m^[22m[39m[31m[1
m^[22m[39m[31m[1m^[22m[
39m[31m[1m^[22m[39m[31m
[1m^[22m[39m[31m[1m^[22m
[39m[31m[1m^[22m[39m
 [90m 2 |[39m
 [90m 3 |[39m 
[36mconst[39m 
[33mAPI_KEY[39m 
[33m=[39m process[33m.[39
menv[33m.[39m[33mNEXT_PUBL
IC_GROQ_API_KEY[39m[33m;[3
9m
 [90m 4 |[39m[0m



Import traces:
  Client Component Browser:
    ./Documents/GitHub/health
ai-website/src/services/healt
hAI.js [Client Component 
Browser]
    ./Documents/GitHub/health
ai-website/src/app_pages/Chat
.jsx [Client Component 
Browser]
    ./Documents/GitHub/health
ai-website/src/app/chat/page.
jsx [Client Component 
Browser]
    ./Documents/GitHub/health
ai-website/src/app/chat/page.
jsx [Server Component]

  Client Component SSR:
    ./Documents/GitHub/health
ai-website/src/services/healt
hAI.js [Client Component SSR]
    ./Documents/GitHub/health
ai-website/src/app_pages/Chat
.jsx [Client Component SSR]
    ./Documents/GitHub/health
ai-website/src/app/chat/page.
jsx [Client Component SSR]
    ./Documents/GitHub/health
ai-website/src/app/chat/page.
jsx [Server Component]

https://nextjs.org/docs/messa
ges/module-not-found


./Documents/GitHub/healthai-w
ebsite/src/app_pages/Chat.jsx
:6:1
Module not found: Can't 
resolve 'react-dropzone'
[0m [90m 4 |[39m 
[36mimport[39m { 
useState[33m,[39m 
useRef[33m,[39m 
useEffect[33m,[39m 
useCallback } [36mfrom[39m 
[32m'react'[39m[33m;[39m
 [90m 5 |[39m 
[36mimport[39m { 
motion[33m,[39m 
[33mAnimatePresence[39m } 
[36mfrom[39m [32m'framer-m
otion'[39m[33m;[39m
[31m[1m>[22m[39m[90m 6 
|[39m [36mimport[39m { 
useDropzone } [36mfrom[39m 
[32m'react-dropzone'[39m[3
3m;[39m
 [90m   |[39m [31m[1m^[2
2m[39m[31m[1m^[22m[39m[
31m[1m^[22m[39m[31m[1m^
[22m[39m[31m[1m^[22m[39m
[31m[1m^[22m[39m[31m[1m
^[22m[39m[31m[1m^[22m[3
9m[31m[1m^[22m[39m[31m[
1m^[22m[39m[31m[1m^[22m
[39m[31m[1m^[22m[39m[31m
[1m^[22m[39m[31m[1m^[22
m[39m[31m[1m^[22m[39m[3
1m[1m^[22m[39m[31m[1m^[
22m[39m[31m[1m^[22m[39m
[31m[1m^[22m[39m[31m[1m^
[22m[39m[31m[1m^[22m[39
m[31m[1m^[22m[39m[31m[1
m^[22m[39m[31m[1m^[22m[
39m[31m[1m^[22m[39m[31m
[1m^[22m[39m[31m[1m^[22m
[39m[31m[1m^[22m[39m[31
m[1m^[22m[39m[31m[1m^[2
2m[39m[31m[1m^[22m[39m[
31m[1m^[22m[39m[31m[1m^
[22m[39m[31m[1m^[22m[39m
[31m[1m^[22m[39m[31m[1m
^[22m[39m[31m[1m^[22m[3
9m[31m[1m^[22m[39m[31m[
1m^[22m[39m[31m[1m^[22m
[39m[31m[1m^[22m[39m[31m
[1m^[22m[39m[31m[1m^[22
m[39m[31m[1m^[22m[39m[3
1m[1m^[22m[39m
 [90m 7 |[39m 
[36mimport[39m { v4 
[36mas[39m uuidv4 } 
[36mfrom[39m 
[32m'uuid'[39m[33m;[39m
 [90m 8 |[39m 
[36mimport[39m { 
sendHealthMessage[33m,[39m 
analyzeFileContent } 
[36mfrom[39m [32m'../servi
ces/healthAI'[39m[33m;[39m
 [90m 9 |[39m 
[36mimport[39m { extractTex
tFromImage[33m,[39m extract
TextFromPDF[33m,[39m 
detectFileType } 
[36mfrom[39m [32m'../servi
ces/ocrService'[39m[33m;[3
9m[0m



Import traces:
  Client Component Browser:
    ./Documents/GitHub/health
ai-website/src/app_pages/Chat
.jsx [Client Component 
Browser]
    ./Documents/GitHub/health
ai-website/src/app/chat/page.
jsx [Client Component 
Browser]
    ./Documents/GitHub/health
ai-website/src/app/chat/page.
jsx [Server Component]

  Client Component SSR:
    ./Documents/GitHub/health
ai-website/src/app_pages/Chat
.jsx [Client Component SSR]
    ./Documents/GitHub/health
ai-website/src/app/chat/page.
jsx [Client Component SSR]
    ./Documents/GitHub/health
ai-website/src/app/chat/page.
jsx [Server Component]

https://nextjs.org/docs/messa
ges/module-not-found


./Documents/GitHub/healthai-w
ebsite/src/services/ocrServic
e.js:1:1
Module not found: Can't 
resolve 'tesseract.js'
[0m[31m[1m>[22m[39m[90m
 1 |[39m [36mimport[39m 
[33mTesseract[39m 
[36mfrom[39m [32m"tesserac
t.js"[39m[33m;[39m
 [90m   |[39m [31m[1m^[2
2m[39m[31m[1m^[22m[39m[
31m[1m^[22m[39m[31m[1m^
[22m[39m[31m[1m^[22m[39m
[31m[1m^[22m[39m[31m[1m
^[22m[39m[31m[1m^[22m[3
9m[31m[1m^[22m[39m[31m[
1m^[22m[39m[31m[1m^[22m
[39m[31m[1m^[22m[39m[31m
[1m^[22m[39m[31m[1m^[22
m[39m[31m[1m^[22m[39m[3
1m[1m^[22m[39m[31m[1m^[
22m[39m[31m[1m^[22m[39m
[31m[1m^[22m[39m[31m[1m^
[22m[39m[31m[1m^[22m[39
m[31m[1m^[22m[39m[31m[1
m^[22m[39m[31m[1m^[22m[
39m[31m[1m^[22m[39m[31m
[1m^[22m[39m[31m[1m^[22m
[39m[31m[1m^[22m[39m[31
m[1m^[22m[39m[31m[1m^[2
2m[39m[31m[1m^[22m[39m[
31m[1m^[22m[39m[31m[1m^
[22m[39m[31m[1m^[22m[39m
[31m[1m^[22m[39m[31m[1m
^[22m[39m[31m[1m^[22m[3
9m
 [90m 2 |[39m
 [90m 3 |[39m 
[36mexport[39m 
[36masync[39m 
[36mfunction[39m 
extractTextFromImage(file) {
 [90m 4 |[39m     
[36mreturn[39m 
[36mnew[39m [33mPromise[3
9m((resolve[33m,[39m 
reject) [33m=>[39m {[0m



Import traces:
  Client Component Browser:
    ./Documents/GitHub/health
ai-website/src/services/ocrSe
rvice.js [Client Component 
Browser]
    ./Documents/GitHub/health
ai-website/src/app_pages/Chat
.jsx [Client Component 
Browser]
    ./Documents/GitHub/health
ai-website/src/app/chat/page.
jsx [Client Component 
Browser]
    ./Documents/GitHub/health
ai-website/src/app/chat/page.
jsx [Server Component]

  Client Component SSR:
    ./Documents/GitHub/health
ai-website/src/services/ocrSe
rvice.js [Client Component 
SSR]
    ./Documents/GitHub/health
ai-website/src/app_pages/Chat
.jsx [Client Component SSR]
    ./Documents/GitHub/health
ai-website/src/app/chat/page.
jsx [Client Component SSR]
    ./Documents/GitHub/health
ai-website/src/app/chat/page.
jsx [Server Component]

https://nextjs.org/docs/messa
ges/module-not-found


./Documents/GitHub/healthai-w
ebsite/src/app_pages/Chat.jsx
:7:1
Module not found: Can't 
resolve 'uuid'
[0m [90m  5 |[39m 
[36mimport[39m { 
motion[33m,[39m 
[33mAnimatePresence[39m } 
[36mfrom[39m [32m'framer-m
otion'[39m[33m;[39m
 [90m  6 |[39m 
[36mimport[39m { 
useDropzone } [36mfrom[39m 
[32m'react-dropzone'[39m[3
3m;[39m
[31m[1m>[22m[39m[90m  7 
|[39m [36mimport[39m { v4 
[36mas[39m uuidv4 } 
[36mfrom[39m 
[32m'uuid'[39m[33m;[39m
 [90m    |[39m [31m[1m^[
22m[39m[31m[1m^[22m[39m
[31m[1m^[22m[39m[31m[1m^
[22m[39m[31m[1m^[22m[39
m[31m[1m^[22m[39m[31m[1
m^[22m[39m[31m[1m^[22m[
39m[31m[1m^[22m[39m[31m
[1m^[22m[39m[31m[1m^[22m
[39m[31m[1m^[22m[39m[31
m[1m^[22m[39m[31m[1m^[2
2m[39m[31m[1m^[22m[39m[
31m[1m^[22m[39m[31m[1m^
[22m[39m[31m[1m^[22m[39m
[31m[1m^[22m[39m[31m[1m
^[22m[39m[31m[1m^[22m[3
9m[31m[1m^[22m[39m[31m[
1m^[22m[39m[31m[1m^[22m
[39m[31m[1m^[22m[39m[31m
[1m^[22m[39m[31m[1m^[22
m[39m[31m[1m^[22m[39m[3
1m[1m^[22m[39m[31m[1m^[
22m[39m[31m[1m^[22m[39m
[31m[1m^[22m[39m[31m[1m^
[22m[39m[31m[1m^[22m[39
m[31m[1m^[22m[39m[31m[1
m^[22m[39m
 [90m  8 |[39m 
[36mimport[39m { 
sendHealthMessage[33m,[39m 
analyzeFileContent } 
[36mfrom[39m [32m'../servi
ces/healthAI'[39m[33m;[39m
 [90m  9 |[39m 
[36mimport[39m { extractTex
tFromImage[33m,[39m extract
TextFromPDF[33m,[39m 
detectFileType } 
[36mfrom[39m [32m'../servi
ces/ocrService'[39m[33m;[3
9m
 [90m 10 |[39m 
[36mimport[39m styles 
[36mfrom[39m [32m'./Chat.m
odule.css'[39m[33m;[39m[0
m



Import traces:
  Client Component Browser:
    ./Documents/GitHub/health
ai-website/src/app_pages/Chat
.jsx [Client Component 
Browser]
    ./Documents/GitHub/health
ai-website/src/app/chat/page.
jsx [Client Component 
Browser]
    ./Documents/GitHub/health
ai-website/src/app/chat/page.
jsx [Server Component]

  Client Component SSR:
    ./Documents/GitHub/health
ai-website/src/app_pages/Chat
.jsx [Client Component SSR]
    ./Documents/GitHub/health
ai-website/src/app/chat/page.
jsx [Client Component SSR]
    ./Documents/GitHub/health
ai-website/src/app/chat/page.
jsx [Server Component]

https://nextjs.org/docs/messa
ges/module-not-found


    at <unknown> (./Documents
/GitHub/healthai-website/src/
app_pages/LabReport.jsx:6:1)
    at <unknown> (https://nex
tjs.org/docs/messages/module-
not-found)
    at <unknown> (./Documents
/GitHub/healthai-website/src/
app_pages/NutritionPlan.jsx:7
:1)
    at <unknown> (https://nex
tjs.org/docs/messages/module-
not-found)
    at <unknown> (./Documents
/GitHub/healthai-website/src/
app_pages/Prescription.jsx:6:
1)
    at <unknown> (https://nex
tjs.org/docs/messages/module-
not-found)
    at <unknown> (./Documents
/GitHub/healthai-website/src/
app_pages/Mindfulness.jsx:7:1
)
    at <unknown> (https://nex
tjs.org/docs/messages/module-
not-found)
    at <unknown> (./Documents
/GitHub/healthai-website/src/
app_pages/Progress.jsx:9:1)
    at <unknown> (https://nex
tjs.org/docs/messages/module-
not-found)
    at <unknown> (./Documents
/GitHub/healthai-website/src/
app_pages/Progress.jsx:8:1)
    at <unknown> (https://nex
tjs.org/docs/messages/module-
not-found)
    at <unknown> (./Documents
/GitHub/healthai-website/src/
services/firebase.js:1:1)
    at <unknown> (https://nex
tjs.org/docs/messages/module-
not-found)
    at <unknown> (./Documents
/GitHub/healthai-website/src/
context/AuthContext.jsx:20:63
)
    at <unknown> (https://nex
tjs.org/docs/messages/module-
not-found)
    at <unknown> (./Documents
/GitHub/healthai-website/src/
context/AuthContext.jsx:44:35
)
    at <unknown> (https://nex
tjs.org/docs/messages/module-
not-found)
    at <unknown> (./Documents
/GitHub/healthai-website/src/
services/firebase.js:2:1)
    at <unknown> (https://nex
tjs.org/docs/messages/module-
not-found)
    at <unknown> (./Documents
/GitHub/healthai-website/src/
app_pages/AnalysisResult.jsx:
6:1)
    at <unknown> (https://nex
tjs.org/docs/messages/module-
not-found)
    at <unknown> (./Documents
/GitHub/healthai-website/src/
app_pages/OnboardingFlow.jsx:
8:1)
    at <unknown> (https://nex
tjs.org/docs/messages/module-
not-found)
    at <unknown> (./Documents
/GitHub/healthai-website/src/
context/AuthContext.jsx:21:47
)
    at <unknown> (https://nex
tjs.org/docs/messages/module-
not-found)
    at <unknown> (./Documents
/GitHub/healthai-website/src/
services/dbService.js:2:1)
    at <unknown> (https://nex
tjs.org/docs/messages/module-
not-found)
    at <unknown> (./Documents
/GitHub/healthai-website/src/
services/firebase.js:3:1)
    at <unknown> (https://nex
tjs.org/docs/messages/module-
not-found)
    at <unknown> (./Documents
/GitHub/healthai-website/src/
services/firebase.js:4:1)
    at <unknown> (https://nex
tjs.org/docs/messages/module-
not-found)
    at <unknown> (./Documents
/GitHub/healthai-website/src/
services/healthAI.js:1:1)
    at <unknown> (https://nex
tjs.org/docs/messages/module-
not-found)
    at <unknown> (./Documents
/GitHub/healthai-website/src/
app_pages/Chat.jsx:6:1)
    at <unknown> (https://nex
tjs.org/docs/messages/module-
not-found)
    at <unknown> (./Documents
/GitHub/healthai-website/src/
services/ocrService.js:1:1)
    at <unknown> (https://nex
tjs.org/docs/messages/module-
not-found)
    at <unknown> (./Documents
/GitHub/healthai-website/src/
app_pages/Chat.jsx:7:1)
    at <unknown> (https://nex
tjs.org/docs/messages/module-
not-found)
