
> healthai-website@0.1.0 build
> next build

node.exe : ΓÜá 
Warning: Next.js 
inferred your 
workspace root, but it 
may not be correct.
At line:1 char:1
+ & "C:\Program 
Files\nodejs/node.exe" 
"C:\Program 
Files\nodejs/node_mo 
...
+ ~~~~~~~~~~~~~~~~~~~~~
~~~~~~~~~~~~~~~~~~~~~~~
~~~~~~~~~~~~~~~~~~~~~~~
~~
    + CategoryInfo     
         : 
NotSpecified: (ΓÜá     
Warning: Ne...not be   
  correct.:String) [], 
R    emoteException
    + 
FullyQualifiedErrorI   
 d : NativeCommandError
 
 We detected multiple 
lockfiles and selected 
the directory of C:\Use
rs\vinay\package-lock.j
son as the root 
directory.
 To silence this 
warning, set 
`turbopack.root` in 
your Next.js config, 
or consider removing 
one of the lockfiles 
if it's not needed.
   See https://nextjs.o
rg/docs/app/api-referen
ce/config/next-config-j
s/turbopack#root-direct
ory for more 
information.
 Detected additional 
lockfiles: 
   * C:\Users\vinay\Doc
uments\GitHub\healthai-
website\package-lock.js
on

Γû▓ Next.js 16.1.6 (Turbopack)

  Creating an optimized production build ...
Turbopack build 
encountered 1 warnings:
./Documents/GitHub/heal
thai-website/src/contex
t/AuthContext.jsx:59:54
Module not found: 
Can't resolve 
'firebase/auth'
[0m [90m 57 |[39m   
      [36mconst[39m 
importAndSubscribe 
[33m=[39m 
[36masync[39m () 
[33m=>[39m {
 [90m 58 |[39m       
      [36mtry[39m {
[31m[1m>[22m[39m[9
0m 59 |[39m           
      [36mconst[39m 
{ onAuthStateChanged } 
[33m=[39m 
[36mawait[39m [36mim
port[39m([32m"firebas
e/auth"[39m)[33m;[39
m
 [90m    |[39m       
                       
                       
 [31m[1m^[22m[39m[
31m[1m^[22m[39m[31m
[1m^[22m[39m[31m[1
m^[22m[39m[31m[1m^
[22m[39m[31m[1m^[22
m[39m[31m[1m^[22m[
39m[31m[1m^[22m[39m
[31m[1m^[22m[39m[3
1m[1m^[22m[39m[31m
[1m^[22m[39m[31m[1m
^[22m[39m[31m[1m^[
22m[39m[31m[1m^[22m
[39m[31m[1m^[22m[3
9m[31m[1m^[22m[39m
[31m[1m^[22m[39m[31
m[1m^[22m[39m[31m[
1m^[22m[39m[31m[1m^
[22m[39m[31m[1m^[2
2m[39m[31m[1m^[22m
[39m[31m[1m^[22m[39
m
 [90m 60 |[39m       
          
[36mconst[39m 
unsubscribe 
[33m=[39m onAuthState
Changed(auth[33m,[39m
 (user) [33m=>[39m {
 [90m 61 |[39m       
              resolved 
[33m=[39m [36mtrue[
39m[33m;[39m
 [90m 62 |[39m       
              setCurren
tUser(user)[33m;[39m
[0m



Import traces:
  Client Component 
Browser:
    ./Documents/GitHub/
healthai-website/src/co
ntext/AuthContext.jsx 
[Client Component 
Browser]
    ./Documents/GitHub/
healthai-website/src/ap
p_pages/NutritionOnboar
ding.jsx [Client 
Component Browser]
    ./Documents/GitHub/
healthai-website/src/ap
p/nutritiononboarding/p
age.jsx [Client 
Component Browser]
    ./Documents/GitHub/
healthai-website/src/ap
p/nutritiononboarding/p
age.jsx [Server 
Component]

  Client Component SSR:
    ./Documents/GitHub/
healthai-website/src/co
ntext/AuthContext.jsx 
[Client Component SSR]
    ./Documents/GitHub/
healthai-website/src/ap
p_pages/NutritionOnboar
ding.jsx [Client 
Component SSR]
    ./Documents/GitHub/
healthai-website/src/ap
p/nutritiononboarding/p
age.jsx [Client 
Component SSR]
    ./Documents/GitHub/
healthai-website/src/ap
p/nutritiononboarding/p
age.jsx [Server 
Component]

https://nextjs.org/docs
/messages/module-not-fo
und



> Build error occurred
Error: Turbopack build 
failed with 14 errors:
./Documents/GitHub/heal
thai-website/src/servic
es/firebase.js:1:1
Module not found: 
Can't resolve 
'firebase/app'
[0m[31m[1m>[22m[39
m[90m 1 |[39m 
[36mimport[39m { 
initializeApp } 
[36mfrom[39m [32m"fi
rebase/app"[39m[33m;
[39m
 [90m   |[39m [31m[
1m^[22m[39m[31m[1m^
[22m[39m[31m[1m^[2
2m[39m[31m[1m^[22m
[39m[31m[1m^[22m[39
m[31m[1m^[22m[39m[
31m[1m^[22m[39m[31m
[1m^[22m[39m[31m[1
m^[22m[39m[31m[1m^
[22m[39m[31m[1m^[22
m[39m[31m[1m^[22m[
39m[31m[1m^[22m[39m
[31m[1m^[22m[39m[3
1m[1m^[22m[39m[31m
[1m^[22m[39m[31m[1m
^[22m[39m[31m[1m^[
22m[39m[31m[1m^[22m
[39m[31m[1m^[22m[3
9m[31m[1m^[22m[39m
[31m[1m^[22m[39m[31
m[1m^[22m[39m[31m[
1m^[22m[39m[31m[1m^
[22m[39m[31m[1m^[2
2m[39m[31m[1m^[22m
[39m[31m[1m^[22m[39
m[31m[1m^[22m[39m[
31m[1m^[22m[39m[31m
[1m^[22m[39m[31m[1
m^[22m[39m[31m[1m^
[22m[39m[31m[1m^[22
m[39m[31m[1m^[22m[
39m[31m[1m^[22m[39m
[31m[1m^[22m[39m[3
1m[1m^[22m[39m[31m
[1m^[22m[39m[31m[1m
^[22m[39m[31m[1m^[
22m[39m[31m[1m^[22m
[39m[31m[1m^[22m[3
9m[31m[1m^[22m[39m
[31m[1m^[22m[39m
 [90m 2 |[39m 
[36mimport[39m { 
getAuth } 
[36mfrom[39m [32m"fi
rebase/auth"[39m[33m;
[39m
 [90m 3 |[39m 
[36mimport[39m { 
getFirestore } 
[36mfrom[39m [32m"fi
rebase/firestore"[39m
[33m;[39m
 [90m 4 |[39m 
[36mimport[39m { 
getStorage } 
[36mfrom[39m [32m"fi
rebase/storage"[39m[3
3m;[39m[0m



Import traces:
  Client Component 
Browser:
    ./Documents/GitHub/
healthai-website/src/se
rvices/firebase.js 
[Client Component 
Browser]
    ./Documents/GitHub/
healthai-website/src/ap
p_pages/AnalysisResult.
jsx [Client Component 
Browser]
    ./Documents/GitHub/
healthai-website/src/ap
p/analysisresult/page.j
sx [Client Component 
Browser]
    ./Documents/GitHub/
healthai-website/src/ap
p/analysisresult/page.j
sx [Server Component]

  Client Component SSR:
    ./Documents/GitHub/
healthai-website/src/se
rvices/firebase.js 
[Client Component SSR]
    ./Documents/GitHub/
healthai-website/src/co
ntext/AuthContext.jsx 
[Client Component SSR]
    ./Documents/GitHub/
healthai-website/src/ap
p_pages/RecordsList.jsx
 [Client Component SSR]
    ./Documents/GitHub/
healthai-website/src/ap
p/recordslist/page.jsx 
[Client Component SSR]
    ./Documents/GitHub/
healthai-website/src/ap
p/recordslist/page.jsx 
[Server Component]

https://nextjs.org/docs
/messages/module-not-fo
und


./Documents/GitHub/heal
thai-website/src/contex
t/AuthContext.jsx:20:63
Module not found: 
Can't resolve 
'firebase/auth'
[0m [90m 18 |[39m   
          
[36mreturn[39m [36mn
ull[39m[33m;[39m
 [90m 19 |[39m       
  }
[31m[1m>[22m[39m[9
0m 20 |[39m         
[36mconst[39m { signI
nWithPopup[33m,[39m 
[33mGoogleAuthProvider
[39m } [33m=[39m 
[36mawait[39m [36mim
port[39m([32m"firebas
e/auth"[39m)[33m;[39
m
 [90m    |[39m       
                       
                       
          [31m[1m^[2
2m[39m[31m[1m^[22m
[39m[31m[1m^[22m[39
m[31m[1m^[22m[39m[
31m[1m^[22m[39m[31m
[1m^[22m[39m[31m[1
m^[22m[39m[31m[1m^
[22m[39m[31m[1m^[22
m[39m[31m[1m^[22m[
39m[31m[1m^[22m[39m
[31m[1m^[22m[39m[3
1m[1m^[22m[39m[31m
[1m^[22m[39m[31m[1m
^[22m[39m[31m[1m^[
22m[39m[31m[1m^[22m
[39m[31m[1m^[22m[3
9m[31m[1m^[22m[39m
[31m[1m^[22m[39m[31
m[1m^[22m[39m[31m[
1m^[22m[39m[31m[1m^
[22m[39m
 [90m 21 |[39m       
  [36mconst[39m { 
doc[33m,[39m 
setDoc[33m,[39m 
getDoc } [33m=[39m 
[36mawait[39m [36mim
port[39m([32m"firebas
e/firestore"[39m)[33m
;[39m
 [90m 22 |[39m       
  [36mconst[39m 
provider [33m=[39m 
[36mnew[39m [33mGoog
leAuthProvider[39m()[
33m;[39m
 [90m 23 |[39m       
  [36mtry[39m {[0m



Import traces:
  Client Component 
Browser:
    ./Documents/GitHub/
healthai-website/src/co
ntext/AuthContext.jsx 
[Client Component 
Browser]
    ./Documents/GitHub/
healthai-website/src/ap
p_pages/NutritionOnboar
ding.jsx [Client 
Component Browser]
    ./Documents/GitHub/
healthai-website/src/ap
p/nutritiononboarding/p
age.jsx [Client 
Component Browser]
    ./Documents/GitHub/
healthai-website/src/ap
p/nutritiononboarding/p
age.jsx [Server 
Component]

  Client Component SSR:
    ./Documents/GitHub/
healthai-website/src/co
ntext/AuthContext.jsx 
[Client Component SSR]
    ./Documents/GitHub/
healthai-website/src/ap
p_pages/NutritionOnboar
ding.jsx [Client 
Component SSR]
    ./Documents/GitHub/
healthai-website/src/ap
p/nutritiononboarding/p
age.jsx [Client 
Component SSR]
    ./Documents/GitHub/
healthai-website/src/ap
p/nutritiononboarding/p
age.jsx [Server 
Component]

https://nextjs.org/docs
/messages/module-not-fo
und


./Documents/GitHub/heal
thai-website/src/contex
t/AuthContext.jsx:44:35
Module not found: 
Can't resolve 
'firebase/auth'
[0m [90m 42 |[39m   
  [36mconst[39m 
logout [33m=[39m 
[36masync[39m () 
[33m=>[39m {
 [90m 43 |[39m       
  [36mif[39m 
([33m![39mauth) [36m
return[39m[33m;[39m
[31m[1m>[22m[39m[9
0m 44 |[39m         
[36mconst[39m { 
signOut } [33m=[39m 
[36mawait[39m [36mim
port[39m([32m"firebas
e/auth"[39m)[33m;[39
m
 [90m    |[39m       
                       
     [31m[1m^[22m[3
9m[31m[1m^[22m[39m
[31m[1m^[22m[39m[31
m[1m^[22m[39m[31m[
1m^[22m[39m[31m[1m^
[22m[39m[31m[1m^[2
2m[39m[31m[1m^[22m
[39m[31m[1m^[22m[39
m[31m[1m^[22m[39m[
31m[1m^[22m[39m[31m
[1m^[22m[39m[31m[1
m^[22m[39m[31m[1m^
[22m[39m[31m[1m^[22
m[39m[31m[1m^[22m[
39m[31m[1m^[22m[39m
[31m[1m^[22m[39m[3
1m[1m^[22m[39m[31m
[1m^[22m[39m[31m[1m
^[22m[39m[31m[1m^[
22m[39m[31m[1m^[22m
[39m
 [90m 45 |[39m       
  [36mreturn[39m sign
Out(auth)[33m;[39m
 [90m 46 |[39m     
}[33m;[39m
 [90m 47 |[39m[0m



Import traces:
  Client Component 
Browser:
    ./Documents/GitHub/
healthai-website/src/co
ntext/AuthContext.jsx 
[Client Component 
Browser]
    ./Documents/GitHub/
healthai-website/src/ap
p_pages/NutritionOnboar
ding.jsx [Client 
Component Browser]
    ./Documents/GitHub/
healthai-website/src/ap
p/nutritiononboarding/p
age.jsx [Client 
Component Browser]
    ./Documents/GitHub/
healthai-website/src/ap
p/nutritiononboarding/p
age.jsx [Server 
Component]

  Client Component SSR:
    ./Documents/GitHub/
healthai-website/src/co
ntext/AuthContext.jsx 
[Client Component SSR]
    ./Documents/GitHub/
healthai-website/src/ap
p_pages/NutritionOnboar
ding.jsx [Client 
Component SSR]
    ./Documents/GitHub/
healthai-website/src/ap
p/nutritiononboarding/p
age.jsx [Client 
Component SSR]
    ./Documents/GitHub/
healthai-website/src/ap
p/nutritiononboarding/p
age.jsx [Server 
Component]

https://nextjs.org/docs
/messages/module-not-fo
und


./Documents/GitHub/heal
thai-website/src/servic
es/firebase.js:2:1
Module not found: 
Can't resolve 
'firebase/auth'
[0m [90m 1 |[39m 
[36mimport[39m { 
initializeApp } 
[36mfrom[39m [32m"fi
rebase/app"[39m[33m;
[39m
[31m[1m>[22m[39m[9
0m 2 |[39m 
[36mimport[39m { 
getAuth } 
[36mfrom[39m [32m"fi
rebase/auth"[39m[33m;
[39m
 [90m   |[39m [31m[
1m^[22m[39m[31m[1m^
[22m[39m[31m[1m^[2
2m[39m[31m[1m^[22m
[39m[31m[1m^[22m[39
m[31m[1m^[22m[39m[
31m[1m^[22m[39m[31m
[1m^[22m[39m[31m[1
m^[22m[39m[31m[1m^
[22m[39m[31m[1m^[22
m[39m[31m[1m^[22m[
39m[31m[1m^[22m[39m
[31m[1m^[22m[39m[3
1m[1m^[22m[39m[31m
[1m^[22m[39m[31m[1m
^[22m[39m[31m[1m^[
22m[39m[31m[1m^[22m
[39m[31m[1m^[22m[3
9m[31m[1m^[22m[39m
[31m[1m^[22m[39m[31
m[1m^[22m[39m[31m[
1m^[22m[39m[31m[1m^
[22m[39m[31m[1m^[2
2m[39m[31m[1m^[22m
[39m[31m[1m^[22m[39
m[31m[1m^[22m[39m[
31m[1m^[22m[39m[31m
[1m^[22m[39m[31m[1
m^[22m[39m[31m[1m^
[22m[39m[31m[1m^[22
m[39m[31m[1m^[22m[
39m[31m[1m^[22m[39m
[31m[1m^[22m[39m[3
1m[1m^[22m[39m[31m
[1m^[22m[39m[31m[1m
^[22m[39m
 [90m 3 |[39m 
[36mimport[39m { 
getFirestore } 
[36mfrom[39m [32m"fi
rebase/firestore"[39m
[33m;[39m
 [90m 4 |[39m 
[36mimport[39m { 
getStorage } 
[36mfrom[39m [32m"fi
rebase/storage"[39m[3
3m;[39m
 [90m 5 |[39m[0m



Import traces:
  Client Component 
Browser:
    ./Documents/GitHub/
healthai-website/src/se
rvices/firebase.js 
[Client Component 
Browser]
    ./Documents/GitHub/
healthai-website/src/ap
p_pages/AnalysisResult.
jsx [Client Component 
Browser]
    ./Documents/GitHub/
healthai-website/src/ap
p/analysisresult/page.j
sx [Client Component 
Browser]
    ./Documents/GitHub/
healthai-website/src/ap
p/analysisresult/page.j
sx [Server Component]

  Client Component SSR:
    ./Documents/GitHub/
healthai-website/src/se
rvices/firebase.js 
[Client Component SSR]
    ./Documents/GitHub/
healthai-website/src/co
ntext/AuthContext.jsx 
[Client Component SSR]
    ./Documents/GitHub/
healthai-website/src/ap
p_pages/RecordsList.jsx
 [Client Component SSR]
    ./Documents/GitHub/
healthai-website/src/ap
p/recordslist/page.jsx 
[Client Component SSR]
    ./Documents/GitHub/
healthai-website/src/ap
p/recordslist/page.jsx 
[Server Component]

https://nextjs.org/docs
/messages/module-not-fo
und


./Documents/GitHub/heal
thai-website/src/app_pa
ges/AnalysisResult.jsx:
6:1
Module not found: 
Can't resolve 
'firebase/firestore'
[0m [90m 4 |[39m 
[36mimport[39m { 
useEffect[33m,[39m 
useState } 
[36mfrom[39m [32m're
act'[39m[33m;[39m
 [90m 5 |[39m 
[36mimport[39m { [33
mArrowLeft[39m[33m,[
39m [33mCheckCircle[3
9m[33m,[39m [33mAler
tTriangle[39m[33m,[3
9m [33mEdit2[39m } 
[36mfrom[39m [32m'lu
cide-react'[39m[33m;
[39m
[31m[1m>[22m[39m[9
0m 6 |[39m 
[36mimport[39m { 
doc[33m,[39m getDoc 
} [36mfrom[39m [32m'
firebase/firestore'[39
m[33m;[39m
 [90m   |[39m [31m[
1m^[22m[39m[31m[1m^
[22m[39m[31m[1m^[2
2m[39m[31m[1m^[22m
[39m[31m[1m^[22m[39
m[31m[1m^[22m[39m[
31m[1m^[22m[39m[31m
[1m^[22m[39m[31m[1
m^[22m[39m[31m[1m^
[22m[39m[31m[1m^[22
m[39m[31m[1m^[22m[
39m[31m[1m^[22m[39m
[31m[1m^[22m[39m[3
1m[1m^[22m[39m[31m
[1m^[22m[39m[31m[1m
^[22m[39m[31m[1m^[
22m[39m[31m[1m^[22m
[39m[31m[1m^[22m[3
9m[31m[1m^[22m[39m
[31m[1m^[22m[39m[31
m[1m^[22m[39m[31m[
1m^[22m[39m[31m[1m^
[22m[39m[31m[1m^[2
2m[39m[31m[1m^[22m
[39m[31m[1m^[22m[39
m[31m[1m^[22m[39m[
31m[1m^[22m[39m[31m
[1m^[22m[39m[31m[1
m^[22m[39m[31m[1m^
[22m[39m[31m[1m^[22
m[39m[31m[1m^[22m[
39m[31m[1m^[22m[39m
[31m[1m^[22m[39m[3
1m[1m^[22m[39m[31m
[1m^[22m[39m[31m[1m
^[22m[39m[31m[1m^[
22m[39m[31m[1m^[22m
[39m[31m[1m^[22m[3
9m[31m[1m^[22m[39m
[31m[1m^[22m[39m[31
m[1m^[22m[39m[31m[
1m^[22m[39m[31m[1m^
[22m[39m[31m[1m^[2
2m[39m
 [90m 7 |[39m 
[36mimport[39m { db 
} [36mfrom[39m [32m'
../services/firebase'[
39m[33m;[39m
 [90m 8 |[39m 
[36mimport[39m 
styles [36mfrom[39m 
[32m'./AnalysisResult.m
odule.css'[39m[33m;[
39m
 [90m 9 |[39m[0m



Import traces:
  Client Component 
Browser:
    ./Documents/GitHub/
healthai-website/src/ap
p_pages/AnalysisResult.
jsx [Client Component 
Browser]
    ./Documents/GitHub/
healthai-website/src/ap
p/analysisresult/page.j
sx [Client Component 
Browser]
    ./Documents/GitHub/
healthai-website/src/ap
p/analysisresult/page.j
sx [Server Component]

  Client Component SSR:
    ./Documents/GitHub/
healthai-website/src/ap
p_pages/AnalysisResult.
jsx [Client Component 
SSR]
    ./Documents/GitHub/
healthai-website/src/ap
p/analysisresult/page.j
sx [Client Component 
SSR]
    ./Documents/GitHub/
healthai-website/src/ap
p/analysisresult/page.j
sx [Server Component]

https://nextjs.org/docs
/messages/module-not-fo
und


./Documents/GitHub/heal
thai-website/src/app_pa
ges/OnboardingFlow.jsx:
8:1
Module not found: 
Can't resolve 
'firebase/firestore'
[0m [90m  6 |[39m 
[36mimport[39m { [33
mArrowRight[39m[33m,
[39m [33mArrowLeft[39
m[33m,[39m [33mUser
[39m[33m,[39m [33mCa
lendar[39m[33m,[39m 
[33mUsers[39m[33m,[
39m [33mBell[39m[33m
,[39m 
[33mSparkles[39m } 
[36mfrom[39m [32m'lu
cide-react'[39m[33m;
[39m
 [90m  7 |[39m 
[36mimport[39m { db 
} [36mfrom[39m [32m'
../services/firebase'[
39m[33m;[39m
[31m[1m>[22m[39m[9
0m  8 |[39m 
[36mimport[39m { 
doc[33m,[39m setDoc 
} [36mfrom[39m [32m'
firebase/firestore'[39
m[33m;[39m
 [90m    |[39m [31m
[1m^[22m[39m[31m[1m
^[22m[39m[31m[1m^[
22m[39m[31m[1m^[22m
[39m[31m[1m^[22m[3
9m[31m[1m^[22m[39m
[31m[1m^[22m[39m[31
m[1m^[22m[39m[31m[
1m^[22m[39m[31m[1m^
[22m[39m[31m[1m^[2
2m[39m[31m[1m^[22m
[39m[31m[1m^[22m[39
m[31m[1m^[22m[39m[
31m[1m^[22m[39m[31m
[1m^[22m[39m[31m[1
m^[22m[39m[31m[1m^
[22m[39m[31m[1m^[22
m[39m[31m[1m^[22m[
39m[31m[1m^[22m[39m
[31m[1m^[22m[39m[3
1m[1m^[22m[39m[31m
[1m^[22m[39m[31m[1m
^[22m[39m[31m[1m^[
22m[39m[31m[1m^[22m
[39m[31m[1m^[22m[3
9m[31m[1m^[22m[39m
[31m[1m^[22m[39m[31
m[1m^[22m[39m[31m[
1m^[22m[39m[31m[1m^
[22m[39m[31m[1m^[2
2m[39m[31m[1m^[22m
[39m[31m[1m^[22m[39
m[31m[1m^[22m[39m[
31m[1m^[22m[39m[31m
[1m^[22m[39m[31m[1
m^[22m[39m[31m[1m^
[22m[39m[31m[1m^[22
m[39m[31m[1m^[22m[
39m[31m[1m^[22m[39m
[31m[1m^[22m[39m[3
1m[1m^[22m[39m[31m
[1m^[22m[39m[31m[1m
^[22m[39m[31m[1m^[
22m[39m
 [90m  9 |[39m 
[36mimport[39m { 
useAuth } 
[36mfrom[39m [32m'..
/context/AuthContext'[
39m[33m;[39m
 [90m 10 |[39m 
[36mimport[39m 
styles [36mfrom[39m 
[32m'./OnboardingFlow.m
odule.css'[39m[33m;[
39m
 [90m 11 |[39m[0m



Import traces:
  Client Component 
Browser:
    ./Documents/GitHub/
healthai-website/src/ap
p_pages/OnboardingFlow.
jsx [Client Component 
Browser]
    ./Documents/GitHub/
healthai-website/src/ap
p/onboardingflow/page.j
sx [Client Component 
Browser]
    ./Documents/GitHub/
healthai-website/src/ap
p/onboardingflow/page.j
sx [Server Component]

  Client Component SSR:
    ./Documents/GitHub/
healthai-website/src/ap
p_pages/OnboardingFlow.
jsx [Client Component 
SSR]
    ./Documents/GitHub/
healthai-website/src/ap
p/onboardingflow/page.j
sx [Client Component 
SSR]
    ./Documents/GitHub/
healthai-website/src/ap
p/onboardingflow/page.j
sx [Server Component]

https://nextjs.org/docs
/messages/module-not-fo
und


./Documents/GitHub/heal
thai-website/src/contex
t/AuthContext.jsx:21:47
Module not found: 
Can't resolve 
'firebase/firestore'
[0m [90m 19 |[39m   
      }
 [90m 20 |[39m       
  [36mconst[39m { sig
nInWithPopup[33m,[39m
 [33mGoogleAuthProvide
r[39m } [33m=[39m 
[36mawait[39m [36mim
port[39m([32m"firebas
e/auth"[39m)[33m;[39
m
[31m[1m>[22m[39m[9
0m 21 |[39m         
[36mconst[39m { 
doc[33m,[39m 
setDoc[33m,[39m 
getDoc } [33m=[39m 
[36mawait[39m [36mim
port[39m([32m"firebas
e/firestore"[39m)[33m
;[39m
 [90m    |[39m       
                       
                 [31m
[1m^[22m[39m[31m[1m
^[22m[39m[31m[1m^[
22m[39m[31m[1m^[22m
[39m[31m[1m^[22m[3
9m[31m[1m^[22m[39m
[31m[1m^[22m[39m[31
m[1m^[22m[39m[31m[
1m^[22m[39m[31m[1m^
[22m[39m[31m[1m^[2
2m[39m[31m[1m^[22m
[39m[31m[1m^[22m[39
m[31m[1m^[22m[39m[
31m[1m^[22m[39m[31m
[1m^[22m[39m[31m[1
m^[22m[39m[31m[1m^
[22m[39m[31m[1m^[22
m[39m[31m[1m^[22m[
39m[31m[1m^[22m[39m
[31m[1m^[22m[39m[3
1m[1m^[22m[39m[31m
[1m^[22m[39m[31m[1m
^[22m[39m[31m[1m^[
22m[39m[31m[1m^[22m
[39m[31m[1m^[22m[3
9m
 [90m 22 |[39m       
  [36mconst[39m 
provider [33m=[39m 
[36mnew[39m [33mGoog
leAuthProvider[39m()[
33m;[39m
 [90m 23 |[39m       
  [36mtry[39m {
 [90m 24 |[39m       
      [36mconst[39m 
result [33m=[39m 
[36mawait[39m signInW
ithPopup(auth[33m,[39
m provider)[33m;[39m
[0m



Import traces:
  Client Component 
Browser:
    ./Documents/GitHub/
healthai-website/src/co
ntext/AuthContext.jsx 
[Client Component 
Browser]
    ./Documents/GitHub/
healthai-website/src/ap
p_pages/NutritionOnboar
ding.jsx [Client 
Component Browser]
    ./Documents/GitHub/
healthai-website/src/ap
p/nutritiononboarding/p
age.jsx [Client 
Component Browser]
    ./Documents/GitHub/
healthai-website/src/ap
p/nutritiononboarding/p
age.jsx [Server 
Component]

  Client Component SSR:
    ./Documents/GitHub/
healthai-website/src/co
ntext/AuthContext.jsx 
[Client Component SSR]
    ./Documents/GitHub/
healthai-website/src/ap
p_pages/NutritionOnboar
ding.jsx [Client 
Component SSR]
    ./Documents/GitHub/
healthai-website/src/ap
p/nutritiononboarding/p
age.jsx [Client 
Component SSR]
    ./Documents/GitHub/
healthai-website/src/ap
p/nutritiononboarding/p
age.jsx [Server 
Component]

https://nextjs.org/docs
/messages/module-not-fo
und


./Documents/GitHub/heal
thai-website/src/servic
es/dbService.js:2:1
Module not found: 
Can't resolve 
'firebase/firestore'
[0m [90m  1 |[39m 
[36mimport[39m { db 
} [36mfrom[39m [32m"
./firebase"[39m[33m;
[39m
[31m[1m>[22m[39m[9
0m  2 |[39m 
[36mimport[39m {
 [90m    |[39m [31m
[1m^[22m[39m[31m[1m
^[22m[39m[31m[1m^[
22m[39m[31m[1m^[22m
[39m[31m[1m^[22m[3
9m[31m[1m^[22m[39m
[31m[1m^[22m[39m[31
m[1m^[22m[39m
[31m[1m>[22m[39m[9
0m  3 |[39m     
collection[33m,[39m
 [90m    |[39m [31m
[1m^[22m[39m[31m[1m
^[22m[39m[31m[1m^[
22m[39m[31m[1m^[22m
[39m[31m[1m^[22m[3
9m[31m[1m^[22m[39m
[31m[1m^[22m[39m[31
m[1m^[22m[39m[31m[
1m^[22m[39m[31m[1m^
[22m[39m[31m[1m^[2
2m[39m[31m[1m^[22m
[39m[31m[1m^[22m[39
m[31m[1m^[22m[39m[
31m[1m^[22m[39m
[31m[1m>[22m[39m[9
0m  4 |[39m     
addDoc[33m,[39m
 [90m    |[39m [31m
[1m^[22m[39m[31m[1m
^[22m[39m[31m[1m^[
22m[39m[31m[1m^[22m
[39m[31m[1m^[22m[3
9m[31m[1m^[22m[39m
[31m[1m^[22m[39m[31
m[1m^[22m[39m[31m[
1m^[22m[39m[31m[1m^
[22m[39m[31m[1m^[2
2m[39m[31m[1m^[22m
[39m[31m[1m^[22m[39
m[31m[1m^[22m[39m[
31m[1m^[22m[39m
[31m[1m>[22m[39m[9
0m  5 |[39m     
updateDoc[33m,[39m
 [90m    |[39m [31m
[1m^[22m[39m[31m[1m
^[22m[39m[31m[1m^[
22m[39m[31m[1m^[22m
[39m[31m[1m^[22m[3
9m[31m[1m^[22m[39m
[31m[1m^[22m[39m[31
m[1m^[22m[39m[31m[
1m^[22m[39m[31m[1m^
[22m[39m[31m[1m^[2
2m[39m[31m[1m^[22m
[39m[31m[1m^[22m[39
m[31m[1m^[22m[39m[
31m[1m^[22m[39m
[31m[1m>[22m[39m[9
0m  6 |[39m     
doc[33m,[39m
 [90m    |[39m [31m
[1m^[22m[39m[31m[1m
^[22m[39m[31m[1m^[
22m[39m[31m[1m^[22m
[39m[31m[1m^[22m[3
9m[31m[1m^[22m[39m
[31m[1m^[22m[39m[31
m[1m^[22m[39m[31m[
1m^[22m[39m[31m[1m^
[22m[39m[31m[1m^[2
2m[39m[31m[1m^[22m
[39m[31m[1m^[22m[39
m[31m[1m^[22m[39m[
31m[1m^[22m[39m
[31m[1m>[22m[39m[9
0m  7 |[39m     
getDoc[33m,[39m
 [90m    |[39m [31m
[1m^[22m[39m[31m[1m
^[22m[39m[31m[1m^[
22m[39m[31m[1m^[22m
[39m[31m[1m^[22m[3
9m[31m[1m^[22m[39m
[31m[1m^[22m[39m[31
m[1m^[22m[39m[31m[
1m^[22m[39m[31m[1m^
[22m[39m[31m[1m^[2
2m[39m[31m[1m^[22m
[39m[31m[1m^[22m[39
m[31m[1m^[22m[39m[
31m[1m^[22m[39m
[31m[1m>[22m[39m[9
0m  8 |[39m     
getDocs[33m,[39m
 [90m    |[39m [31m
[1m^[22m[39m[31m[1m
^[22m[39m[31m[1m^[
22m[39m[31m[1m^[22m
[39m[31m[1m^[22m[3
9m[31m[1m^[22m[39m
[31m[1m^[22m[39m[31
m[1m^[22m[39m[31m[
1m^[22m[39m[31m[1m^
[22m[39m[31m[1m^[2
2m[39m[31m[1m^[22m
[39m[31m[1m^[22m[39
m[31m[1m^[22m[39m[
31m[1m^[22m[39m
[31m[1m>[22m[39m[9
0m  9 |[39m     
query[33m,[39m
 [90m    |[39m [31m
[1m^[22m[39m[31m[1m
^[22m[39m[31m[1m^[
22m[39m[31m[1m^[22m
[39m[31m[1m^[22m[3
9m[31m[1m^[22m[39m
[31m[1m^[22m[39m[31
m[1m^[22m[39m[31m[
1m^[22m[39m[31m[1m^
[22m[39m[31m[1m^[2
2m[39m[31m[1m^[22m
[39m[31m[1m^[22m[39
m[31m[1m^[22m[39m[
31m[1m^[22m[39m
[31m[1m>[22m[39m[9
0m 10 |[39m     
where[33m,[39m
 [90m    |[39m [31m
[1m^[22m[39m[31m[1m
^[22m[39m[31m[1m^[
22m[39m[31m[1m^[22m
[39m[31m[1m^[22m[3
9m[31m[1m^[22m[39m
[31m[1m^[22m[39m[31
m[1m^[22m[39m[31m[
1m^[22m[39m[31m[1m^
[22m[39m[31m[1m^[2
2m[39m[31m[1m^[22m
[39m[31m[1m^[22m[39
m[31m[1m^[22m[39m[
31m[1m^[22m[39m
[31m[1m>[22m[39m[9
0m 11 |[39m     
orderBy[33m,[39m
 [90m    |[39m [31m
[1m^[22m[39m[31m[1m
^[22m[39m[31m[1m^[
22m[39m[31m[1m^[22m
[39m[31m[1m^[22m[3
9m[31m[1m^[22m[39m
[31m[1m^[22m[39m[31
m[1m^[22m[39m[31m[
1m^[22m[39m[31m[1m^
[22m[39m[31m[1m^[2
2m[39m[31m[1m^[22m
[39m[31m[1m^[22m[39
m[31m[1m^[22m[39m[
31m[1m^[22m[39m
[31m[1m>[22m[39m[9
0m 12 |[39m     server
Timestamp[33m,[39m
 [90m    |[39m [31m
[1m^[22m[39m[31m[1m
^[22m[39m[31m[1m^[
22m[39m[31m[1m^[22m
[39m[31m[1m^[22m[3
9m[31m[1m^[22m[39m
[31m[1m^[22m[39m[31
m[1m^[22m[39m[31m[
1m^[22m[39m[31m[1m^
[22m[39m[31m[1m^[2
2m[39m[31m[1m^[22m
[39m[31m[1m^[22m[39
m[31m[1m^[22m[39m[
31m[1m^[22m[39m
[31m[1m>[22m[39m[9
0m 13 |[39m     
deleteDoc
 [90m    |[39m [31m
[1m^[22m[39m[31m[1m
^[22m[39m[31m[1m^[
22m[39m[31m[1m^[22m
[39m[31m[1m^[22m[3
9m[31m[1m^[22m[39m
[31m[1m^[22m[39m[31
m[1m^[22m[39m[31m[
1m^[22m[39m[31m[1m^
[22m[39m[31m[1m^[2
2m[39m[31m[1m^[22m
[39m[31m[1m^[22m[39
m[31m[1m^[22m[39m[
31m[1m^[22m[39m
[31m[1m>[22m[39m[9
0m 14 |[39m } 
[36mfrom[39m [32m"fi
rebase/firestore"[39m
[33m;[39m
 [90m    |[39m [31m
[1m^[22m[39m[31m[1m
^[22m[39m[31m[1m^[
22m[39m[31m[1m^[22m
[39m[31m[1m^[22m[3
9m[31m[1m^[22m[39m
[31m[1m^[22m[39m[31
m[1m^[22m[39m[31m[
1m^[22m[39m[31m[1m^
[22m[39m[31m[1m^[2
2m[39m[31m[1m^[22m
[39m[31m[1m^[22m[39
m[31m[1m^[22m[39m[
31m[1m^[22m[39m[31m
[1m^[22m[39m[31m[1
m^[22m[39m[31m[1m^
[22m[39m[31m[1m^[22
m[39m[31m[1m^[22m[
39m[31m[1m^[22m[39m
[31m[1m^[22m[39m[3
1m[1m^[22m[39m[31m
[1m^[22m[39m[31m[1m
^[22m[39m[31m[1m^[
22m[39m[31m[1m^[22m
[39m[31m[1m^[22m[3
9m[31m[1m^[22m[39m
 [90m 15 |[39m
 [90m 16 |[39m 
[90m// User 
Operations[39m
 [90m 17 |[39m 
[36mexport[39m 
[36mconst[39m 
getUserProfile 
[33m=[39m 
[36masync[39m 
(userId) [33m=>[39m 
{[0m



Import traces:
  Client Component 
Browser:
    ./Documents/GitHub/
healthai-website/src/se
rvices/dbService.js 
[Client Component 
Browser]
    ./Documents/GitHub/
healthai-website/src/ap
p_pages/RecordsList.jsx
 [Client Component 
Browser]
    ./Documents/GitHub/
healthai-website/src/ap
p/recordslist/page.jsx 
[Client Component 
Browser]
    ./Documents/GitHub/
healthai-website/src/ap
p/recordslist/page.jsx 
[Server Component]

  Client Component SSR:
    ./Documents/GitHub/
healthai-website/src/se
rvices/dbService.js 
[Client Component SSR]
    ./Documents/GitHub/
healthai-website/src/ap
p_pages/RecordsList.jsx
 [Client Component SSR]
    ./Documents/GitHub/
healthai-website/src/ap
p/recordslist/page.jsx 
[Client Component SSR]
    ./Documents/GitHub/
healthai-website/src/ap
p/recordslist/page.jsx 
[Server Component]

https://nextjs.org/docs
/messages/module-not-fo
und


./Documents/GitHub/heal
thai-website/src/servic
es/firebase.js:3:1
Module not found: 
Can't resolve 
'firebase/firestore'
[0m [90m 1 |[39m 
[36mimport[39m { 
initializeApp } 
[36mfrom[39m [32m"fi
rebase/app"[39m[33m;
[39m
 [90m 2 |[39m 
[36mimport[39m { 
getAuth } 
[36mfrom[39m [32m"fi
rebase/auth"[39m[33m;
[39m
[31m[1m>[22m[39m[9
0m 3 |[39m 
[36mimport[39m { 
getFirestore } 
[36mfrom[39m [32m"fi
rebase/firestore"[39m
[33m;[39m
 [90m   |[39m [31m[
1m^[22m[39m[31m[1m^
[22m[39m[31m[1m^[2
2m[39m[31m[1m^[22m
[39m[31m[1m^[22m[39
m[31m[1m^[22m[39m[
31m[1m^[22m[39m[31m
[1m^[22m[39m[31m[1
m^[22m[39m[31m[1m^
[22m[39m[31m[1m^[22
m[39m[31m[1m^[22m[
39m[31m[1m^[22m[39m
[31m[1m^[22m[39m[3
1m[1m^[22m[39m[31m
[1m^[22m[39m[31m[1m
^[22m[39m[31m[1m^[
22m[39m[31m[1m^[22m
[39m[31m[1m^[22m[3
9m[31m[1m^[22m[39m
[31m[1m^[22m[39m[31
m[1m^[22m[39m[31m[
1m^[22m[39m[31m[1m^
[22m[39m[31m[1m^[2
2m[39m[31m[1m^[22m
[39m[31m[1m^[22m[39
m[31m[1m^[22m[39m[
31m[1m^[22m[39m[31m
[1m^[22m[39m[31m[1
m^[22m[39m[31m[1m^
[22m[39m[31m[1m^[22
m[39m[31m[1m^[22m[
39m[31m[1m^[22m[39m
[31m[1m^[22m[39m[3
1m[1m^[22m[39m[31m
[1m^[22m[39m[31m[1m
^[22m[39m[31m[1m^[
22m[39m[31m[1m^[22m
[39m[31m[1m^[22m[3
9m[31m[1m^[22m[39m
[31m[1m^[22m[39m[31
m[1m^[22m[39m[31m[
1m^[22m[39m[31m[1m^
[22m[39m[31m[1m^[2
2m[39m[31m[1m^[22m
[39m
 [90m 4 |[39m 
[36mimport[39m { 
getStorage } 
[36mfrom[39m [32m"fi
rebase/storage"[39m[3
3m;[39m
 [90m 5 |[39m
 [90m 6 |[39m 
[36mconst[39m 
firebaseConfig 
[33m=[39m {[0m



Import traces:
  Client Component 
Browser:
    ./Documents/GitHub/
healthai-website/src/se
rvices/firebase.js 
[Client Component 
Browser]
    ./Documents/GitHub/
healthai-website/src/ap
p_pages/AnalysisResult.
jsx [Client Component 
Browser]
    ./Documents/GitHub/
healthai-website/src/ap
p/analysisresult/page.j
sx [Client Component 
Browser]
    ./Documents/GitHub/
healthai-website/src/ap
p/analysisresult/page.j
sx [Server Component]

  Client Component SSR:
    ./Documents/GitHub/
healthai-website/src/se
rvices/firebase.js 
[Client Component SSR]
    ./Documents/GitHub/
healthai-website/src/co
ntext/AuthContext.jsx 
[Client Component SSR]
    ./Documents/GitHub/
healthai-website/src/ap
p_pages/RecordsList.jsx
 [Client Component SSR]
    ./Documents/GitHub/
healthai-website/src/ap
p/recordslist/page.jsx 
[Client Component SSR]
    ./Documents/GitHub/
healthai-website/src/ap
p/recordslist/page.jsx 
[Server Component]

https://nextjs.org/docs
/messages/module-not-fo
und


./Documents/GitHub/heal
thai-website/src/servic
es/firebase.js:4:1
Module not found: 
Can't resolve 
'firebase/storage'
[0m [90m 2 |[39m 
[36mimport[39m { 
getAuth } 
[36mfrom[39m [32m"fi
rebase/auth"[39m[33m;
[39m
 [90m 3 |[39m 
[36mimport[39m { 
getFirestore } 
[36mfrom[39m [32m"fi
rebase/firestore"[39m
[33m;[39m
[31m[1m>[22m[39m[9
0m 4 |[39m 
[36mimport[39m { 
getStorage } 
[36mfrom[39m [32m"fi
rebase/storage"[39m[3
3m;[39m
 [90m   |[39m [31m[
1m^[22m[39m[31m[1m^
[22m[39m[31m[1m^[2
2m[39m[31m[1m^[22m
[39m[31m[1m^[22m[39
m[31m[1m^[22m[39m[
31m[1m^[22m[39m[31m
[1m^[22m[39m[31m[1
m^[22m[39m[31m[1m^
[22m[39m[31m[1m^[22
m[39m[31m[1m^[22m[
39m[31m[1m^[22m[39m
[31m[1m^[22m[39m[3
1m[1m^[22m[39m[31m
[1m^[22m[39m[31m[1m
^[22m[39m[31m[1m^[
22m[39m[31m[1m^[22m
[39m[31m[1m^[22m[3
9m[31m[1m^[22m[39m
[31m[1m^[22m[39m[31
m[1m^[22m[39m[31m[
1m^[22m[39m[31m[1m^
[22m[39m[31m[1m^[2
2m[39m[31m[1m^[22m
[39m[31m[1m^[22m[39
m[31m[1m^[22m[39m[
31m[1m^[22m[39m[31m
[1m^[22m[39m[31m[1
m^[22m[39m[31m[1m^
[22m[39m[31m[1m^[22
m[39m[31m[1m^[22m[
39m[31m[1m^[22m[39m
[31m[1m^[22m[39m[3
1m[1m^[22m[39m[31m
[1m^[22m[39m[31m[1m
^[22m[39m[31m[1m^[
22m[39m[31m[1m^[22m
[39m[31m[1m^[22m[3
9m[31m[1m^[22m[39m
[31m[1m^[22m[39m[31
m[1m^[22m[39m
 [90m 5 |[39m
 [90m 6 |[39m 
[36mconst[39m 
firebaseConfig 
[33m=[39m {
 [90m 7 |[39m   
apiKey[33m:[39m proce
ss[33m.[39menv[33m.
[39m[33mNEXT_PUBLIC_FI
REBASE_API_KEY[39m 
[33m||[39m [32m'demo
-key'[39m[33m,[39m[
0m



Import traces:
  Client Component 
Browser:
    ./Documents/GitHub/
healthai-website/src/se
rvices/firebase.js 
[Client Component 
Browser]
    ./Documents/GitHub/
healthai-website/src/ap
p_pages/AnalysisResult.
jsx [Client Component 
Browser]
    ./Documents/GitHub/
healthai-website/src/ap
p/analysisresult/page.j
sx [Client Component 
Browser]
    ./Documents/GitHub/
healthai-website/src/ap
p/analysisresult/page.j
sx [Server Component]

  Client Component SSR:
    ./Documents/GitHub/
healthai-website/src/se
rvices/firebase.js 
[Client Component SSR]
    ./Documents/GitHub/
healthai-website/src/co
ntext/AuthContext.jsx 
[Client Component SSR]
    ./Documents/GitHub/
healthai-website/src/ap
p_pages/RecordsList.jsx
 [Client Component SSR]
    ./Documents/GitHub/
healthai-website/src/ap
p/recordslist/page.jsx 
[Client Component SSR]
    ./Documents/GitHub/
healthai-website/src/ap
p/recordslist/page.jsx 
[Server Component]

https://nextjs.org/docs
/messages/module-not-fo
und


./Documents/GitHub/heal
thai-website/src/servic
es/healthAI.js:1:1
Module not found: 
Can't resolve 
'groq-sdk'
[0m[31m[1m>[22m[39
m[90m 1 |[39m 
[36mimport[39m 
[33mGroq[39m 
[36mfrom[39m [32m"gr
oq-sdk"[39m[33m;[39m
 [90m   |[39m [31m[
1m^[22m[39m[31m[1m^
[22m[39m[31m[1m^[2
2m[39m[31m[1m^[22m
[39m[31m[1m^[22m[39
m[31m[1m^[22m[39m[
31m[1m^[22m[39m[31m
[1m^[22m[39m[31m[1
m^[22m[39m[31m[1m^
[22m[39m[31m[1m^[22
m[39m[31m[1m^[22m[
39m[31m[1m^[22m[39m
[31m[1m^[22m[39m[3
1m[1m^[22m[39m[31m
[1m^[22m[39m[31m[1m
^[22m[39m[31m[1m^[
22m[39m[31m[1m^[22m
[39m[31m[1m^[22m[3
9m[31m[1m^[22m[39m
[31m[1m^[22m[39m[31
m[1m^[22m[39m[31m[
1m^[22m[39m[31m[1m^
[22m[39m[31m[1m^[2
2m[39m[31m[1m^[22m
[39m[31m[1m^[22m[39
m
 [90m 2 |[39m
 [90m 3 |[39m 
[36mconst[39m 
[33mAPI_KEY[39m 
[33m=[39m process[33
m.[39menv[33m.[39m[
33mNEXT_PUBLIC_GROQ_API
_KEY[39m[33m;[39m
 [90m 4 |[39m[0m



Import traces:
  Client Component 
Browser:
    ./Documents/GitHub/
healthai-website/src/se
rvices/healthAI.js 
[Client Component 
Browser]
    ./Documents/GitHub/
healthai-website/src/ap
p_pages/Chat.jsx 
[Client Component 
Browser]
    ./Documents/GitHub/
healthai-website/src/ap
p/chat/page.jsx 
[Client Component 
Browser]
    ./Documents/GitHub/
healthai-website/src/ap
p/chat/page.jsx 
[Server Component]

  Client Component SSR:
    ./Documents/GitHub/
healthai-website/src/se
rvices/healthAI.js 
[Client Component SSR]
    ./Documents/GitHub/
healthai-website/src/ap
p_pages/Chat.jsx 
[Client Component SSR]
    ./Documents/GitHub/
healthai-website/src/ap
p/chat/page.jsx 
[Client Component SSR]
    ./Documents/GitHub/
healthai-website/src/ap
p/chat/page.jsx 
[Server Component]

https://nextjs.org/docs
/messages/module-not-fo
und


./Documents/GitHub/heal
thai-website/src/app_pa
ges/Chat.jsx:6:1
Module not found: 
Can't resolve 
'react-dropzone'
[0m [90m 4 |[39m 
[36mimport[39m { 
useState[33m,[39m 
useRef[33m,[39m 
useEffect[33m,[39m 
useCallback } 
[36mfrom[39m [32m're
act'[39m[33m;[39m
 [90m 5 |[39m 
[36mimport[39m { 
motion[33m,[39m [33m
AnimatePresence[39m } 
[36mfrom[39m [32m'fr
amer-motion'[39m[33m;
[39m
[31m[1m>[22m[39m[9
0m 6 |[39m 
[36mimport[39m { 
useDropzone } 
[36mfrom[39m [32m're
act-dropzone'[39m[33m
;[39m
 [90m   |[39m [31m[
1m^[22m[39m[31m[1m^
[22m[39m[31m[1m^[2
2m[39m[31m[1m^[22m
[39m[31m[1m^[22m[39
m[31m[1m^[22m[39m[
31m[1m^[22m[39m[31m
[1m^[22m[39m[31m[1
m^[22m[39m[31m[1m^
[22m[39m[31m[1m^[22
m[39m[31m[1m^[22m[
39m[31m[1m^[22m[39m
[31m[1m^[22m[39m[3
1m[1m^[22m[39m[31m
[1m^[22m[39m[31m[1m
^[22m[39m[31m[1m^[
22m[39m[31m[1m^[22m
[39m[31m[1m^[22m[3
9m[31m[1m^[22m[39m
[31m[1m^[22m[39m[31
m[1m^[22m[39m[31m[
1m^[22m[39m[31m[1m^
[22m[39m[31m[1m^[2
2m[39m[31m[1m^[22m
[39m[31m[1m^[22m[39
m[31m[1m^[22m[39m[
31m[1m^[22m[39m[31m
[1m^[22m[39m[31m[1
m^[22m[39m[31m[1m^
[22m[39m[31m[1m^[22
m[39m[31m[1m^[22m[
39m[31m[1m^[22m[39m
[31m[1m^[22m[39m[3
1m[1m^[22m[39m[31m
[1m^[22m[39m[31m[1m
^[22m[39m[31m[1m^[
22m[39m[31m[1m^[22m
[39m[31m[1m^[22m[3
9m[31m[1m^[22m[39m
[31m[1m^[22m[39m
 [90m 7 |[39m 
[36mimport[39m { v4 
[36mas[39m uuidv4 } 
[36mfrom[39m [32m'uu
id'[39m[33m;[39m
 [90m 8 |[39m 
[36mimport[39m { send
HealthMessage[33m,[39
m analyzeFileContent } 
[36mfrom[39m [32m'..
/services/healthAI'[39
m[33m;[39m
 [90m 9 |[39m 
[36mimport[39m { extr
actTextFromImage[33m,
[39m extractTextFromPDF
[33m,[39m 
detectFileType } 
[36mfrom[39m [32m'..
/services/ocrService'[
39m[33m;[39m[0m



Import traces:
  Client Component 
Browser:
    ./Documents/GitHub/
healthai-website/src/ap
p_pages/Chat.jsx 
[Client Component 
Browser]
    ./Documents/GitHub/
healthai-website/src/ap
p/chat/page.jsx 
[Client Component 
Browser]
    ./Documents/GitHub/
healthai-website/src/ap
p/chat/page.jsx 
[Server Component]

  Client Component SSR:
    ./Documents/GitHub/
healthai-website/src/ap
p_pages/Chat.jsx 
[Client Component SSR]
    ./Documents/GitHub/
healthai-website/src/ap
p/chat/page.jsx 
[Client Component SSR]
    ./Documents/GitHub/
healthai-website/src/ap
p/chat/page.jsx 
[Server Component]

https://nextjs.org/docs
/messages/module-not-fo
und


./Documents/GitHub/heal
thai-website/src/servic
es/ocrService.js:1:1
Module not found: 
Can't resolve 
'tesseract.js'
[0m[31m[1m>[22m[39
m[90m 1 |[39m 
[36mimport[39m 
[33mTesseract[39m 
[36mfrom[39m [32m"te
sseract.js"[39m[33m;
[39m
 [90m   |[39m [31m[
1m^[22m[39m[31m[1m^
[22m[39m[31m[1m^[2
2m[39m[31m[1m^[22m
[39m[31m[1m^[22m[39
m[31m[1m^[22m[39m[
31m[1m^[22m[39m[31m
[1m^[22m[39m[31m[1
m^[22m[39m[31m[1m^
[22m[39m[31m[1m^[22
m[39m[31m[1m^[22m[
39m[31m[1m^[22m[39m
[31m[1m^[22m[39m[3
1m[1m^[22m[39m[31m
[1m^[22m[39m[31m[1m
^[22m[39m[31m[1m^[
22m[39m[31m[1m^[22m
[39m[31m[1m^[22m[3
9m[31m[1m^[22m[39m
[31m[1m^[22m[39m[31
m[1m^[22m[39m[31m[
1m^[22m[39m[31m[1m^
[22m[39m[31m[1m^[2
2m[39m[31m[1m^[22m
[39m[31m[1m^[22m[39
m[31m[1m^[22m[39m[
31m[1m^[22m[39m[31m
[1m^[22m[39m[31m[1
m^[22m[39m[31m[1m^
[22m[39m[31m[1m^[22
m[39m[31m[1m^[22m[
39m[31m[1m^[22m[39m
[31m[1m^[22m[39m
 [90m 2 |[39m
 [90m 3 |[39m 
[36mexport[39m 
[36masync[39m 
[36mfunction[39m extr
actTextFromImage(file) 
{
 [90m 4 |[39m     
[36mreturn[39m 
[36mnew[39m [33mProm
ise[39m((resolve[33m,
[39m reject) 
[33m=>[39m {[0m



Import traces:
  Client Component 
Browser:
    ./Documents/GitHub/
healthai-website/src/se
rvices/ocrService.js 
[Client Component 
Browser]
    ./Documents/GitHub/
healthai-website/src/ap
p_pages/Chat.jsx 
[Client Component 
Browser]
    ./Documents/GitHub/
healthai-website/src/ap
p/chat/page.jsx 
[Client Component 
Browser]
    ./Documents/GitHub/
healthai-website/src/ap
p/chat/page.jsx 
[Server Component]

  Client Component SSR:
    ./Documents/GitHub/
healthai-website/src/se
rvices/ocrService.js 
[Client Component SSR]
    ./Documents/GitHub/
healthai-website/src/ap
p_pages/Chat.jsx 
[Client Component SSR]
    ./Documents/GitHub/
healthai-website/src/ap
p/chat/page.jsx 
[Client Component SSR]
    ./Documents/GitHub/
healthai-website/src/ap
p/chat/page.jsx 
[Server Component]

https://nextjs.org/docs
/messages/module-not-fo
und


./Documents/GitHub/heal
thai-website/src/app_pa
ges/Chat.jsx:7:1
Module not found: 
Can't resolve 'uuid'
[0m [90m  5 |[39m 
[36mimport[39m { 
motion[33m,[39m [33m
AnimatePresence[39m } 
[36mfrom[39m [32m'fr
amer-motion'[39m[33m;
[39m
 [90m  6 |[39m 
[36mimport[39m { 
useDropzone } 
[36mfrom[39m [32m're
act-dropzone'[39m[33m
;[39m
[31m[1m>[22m[39m[9
0m  7 |[39m 
[36mimport[39m { v4 
[36mas[39m uuidv4 } 
[36mfrom[39m [32m'uu
id'[39m[33m;[39m
 [90m    |[39m [31m
[1m^[22m[39m[31m[1m
^[22m[39m[31m[1m^[
22m[39m[31m[1m^[22m
[39m[31m[1m^[22m[3
9m[31m[1m^[22m[39m
[31m[1m^[22m[39m[31
m[1m^[22m[39m[31m[
1m^[22m[39m[31m[1m^
[22m[39m[31m[1m^[2
2m[39m[31m[1m^[22m
[39m[31m[1m^[22m[39
m[31m[1m^[22m[39m[
31m[1m^[22m[39m[31m
[1m^[22m[39m[31m[1
m^[22m[39m[31m[1m^
[22m[39m[31m[1m^[22
m[39m[31m[1m^[22m[
39m[31m[1m^[22m[39m
[31m[1m^[22m[39m[3
1m[1m^[22m[39m[31m
[1m^[22m[39m[31m[1m
^[22m[39m[31m[1m^[
22m[39m[31m[1m^[22m
[39m[31m[1m^[22m[3
9m[31m[1m^[22m[39m
[31m[1m^[22m[39m[31
m[1m^[22m[39m[31m[
1m^[22m[39m[31m[1m^
[22m[39m[31m[1m^[2
2m[39m[31m[1m^[22m
[39m[31m[1m^[22m[39
m
 [90m  8 |[39m 
[36mimport[39m { send
HealthMessage[33m,[39
m analyzeFileContent } 
[36mfrom[39m [32m'..
/services/healthAI'[39
m[33m;[39m
 [90m  9 |[39m 
[36mimport[39m { extr
actTextFromImage[33m,
[39m extractTextFromPDF
[33m,[39m 
detectFileType } 
[36mfrom[39m [32m'..
/services/ocrService'[
39m[33m;[39m
 [90m 10 |[39m 
[36mimport[39m 
styles [36mfrom[39m 
[32m'./Chat.module.css'
[39m[33m;[39m[0m



Import traces:
  Client Component 
Browser:
    ./Documents/GitHub/
healthai-website/src/ap
p_pages/Chat.jsx 
[Client Component 
Browser]
    ./Documents/GitHub/
healthai-website/src/ap
p/chat/page.jsx 
[Client Component 
Browser]
    ./Documents/GitHub/
healthai-website/src/ap
p/chat/page.jsx 
[Server Component]

  Client Component SSR:
    ./Documents/GitHub/
healthai-website/src/ap
p_pages/Chat.jsx 
[Client Component SSR]
    ./Documents/GitHub/
healthai-website/src/ap
p/chat/page.jsx 
[Client Component SSR]
    ./Documents/GitHub/
healthai-website/src/ap
p/chat/page.jsx 
[Server Component]

https://nextjs.org/docs
/messages/module-not-fo
und


    at <unknown> (./Doc
uments/GitHub/healthai-
website/src/services/fi
rebase.js:1:1)
    at <unknown> (https
://nextjs.org/docs/mess
ages/module-not-found)
    at <unknown> (./Doc
uments/GitHub/healthai-
website/src/context/Aut
hContext.jsx:20:63)
    at <unknown> (https
://nextjs.org/docs/mess
ages/module-not-found)
    at <unknown> (./Doc
uments/GitHub/healthai-
website/src/context/Aut
hContext.jsx:44:35)
    at <unknown> (https
://nextjs.org/docs/mess
ages/module-not-found)
    at <unknown> (./Doc
uments/GitHub/healthai-
website/src/services/fi
rebase.js:2:1)
    at <unknown> (https
://nextjs.org/docs/mess
ages/module-not-found)
    at <unknown> (./Doc
uments/GitHub/healthai-
website/src/app_pages/A
nalysisResult.jsx:6:1)
    at <unknown> (https
://nextjs.org/docs/mess
ages/module-not-found)
    at <unknown> (./Doc
uments/GitHub/healthai-
website/src/app_pages/O
nboardingFlow.jsx:8:1)
    at <unknown> (https
://nextjs.org/docs/mess
ages/module-not-found)
    at <unknown> (./Doc
uments/GitHub/healthai-
website/src/context/Aut
hContext.jsx:21:47)
    at <unknown> (https
://nextjs.org/docs/mess
ages/module-not-found)
    at <unknown> (./Doc
uments/GitHub/healthai-
website/src/services/db
Service.js:2:1)
    at <unknown> (https
://nextjs.org/docs/mess
ages/module-not-found)
    at <unknown> (./Doc
uments/GitHub/healthai-
website/src/services/fi
rebase.js:3:1)
    at <unknown> (https
://nextjs.org/docs/mess
ages/module-not-found)
    at <unknown> (./Doc
uments/GitHub/healthai-
website/src/services/fi
rebase.js:4:1)
    at <unknown> (https
://nextjs.org/docs/mess
ages/module-not-found)
    at <unknown> (./Doc
uments/GitHub/healthai-
website/src/services/he
althAI.js:1:1)
    at <unknown> (https
://nextjs.org/docs/mess
ages/module-not-found)
    at <unknown> (./Doc
uments/GitHub/healthai-
website/src/app_pages/C
hat.jsx:6:1)
    at <unknown> (https
://nextjs.org/docs/mess
ages/module-not-found)
    at <unknown> (./Doc
uments/GitHub/healthai-
website/src/services/oc
rService.js:1:1)
    at <unknown> (https
://nextjs.org/docs/mess
ages/module-not-found)
    at <unknown> (./Doc
uments/GitHub/healthai-
website/src/app_pages/C
hat.jsx:7:1)
    at <unknown> (https
://nextjs.org/docs/mess
ages/module-not-found)
